Archive member included to satisfy reference by file (symbol)

/usr/lib/gcc/arm-none-eabi/4.9.3/../../../arm-none-eabi/lib/armv7e-m/fpu/libm.a(lib_a-sf_fpclassify.o)
                              build/obj/math_misc.o (symbol from plugin) (__fpclassifyf)
/usr/lib/gcc/arm-none-eabi/4.9.3/armv7e-m/fpu/libgcc.a(_arm_addsubdf3.o)
                              /tmp/ccl2UJYN.ltrans3.ltrans.o (__aeabi_dsub)
/usr/lib/gcc/arm-none-eabi/4.9.3/armv7e-m/fpu/libgcc.a(_arm_muldivdf3.o)
                              /tmp/ccl2UJYN.ltrans3.ltrans.o (__aeabi_dmul)
/usr/lib/gcc/arm-none-eabi/4.9.3/armv7e-m/fpu/libgcc.a(_arm_fixdfsi.o)
                              /tmp/ccl2UJYN.ltrans3.ltrans.o (__aeabi_d2iz)
/usr/lib/gcc/arm-none-eabi/4.9.3/armv7e-m/fpu/libgcc.a(_arm_truncdfsf2.o)
                              /tmp/ccl2UJYN.ltrans3.ltrans.o (__aeabi_d2f)
/usr/lib/gcc/arm-none-eabi/4.9.3/../../../arm-none-eabi/lib/armv7e-m/fpu/libg.a(lib_a-memset.o)
                              /tmp/ccl2UJYN.ltrans1.ltrans.o (memset)
/usr/lib/gcc/arm-none-eabi/4.9.3/../../../arm-none-eabi/lib/armv7e-m/fpu/libg.a(lib_a-strcmp.o)
                              /tmp/ccl2UJYN.ltrans1.ltrans.o (strcmp)
/usr/lib/gcc/arm-none-eabi/4.9.3/../../../arm-none-eabi/lib/armv7e-m/fpu/libg.a(lib_a-strpbrk.o)
                              /tmp/ccl2UJYN.ltrans4.ltrans.o (strpbrk)
/usr/lib/gcc/arm-none-eabi/4.9.3/../../../arm-none-eabi/lib/armv7e-m/fpu/libg.a(lib_a-strspn.o)
                              /tmp/ccl2UJYN.ltrans4.ltrans.o (strspn)

Discarded input sections

 .data          0x0000000000000000        0x0 build/obj/crt0_v7m.o
 .bss           0x0000000000000000        0x0 build/obj/crt0_v7m.o
 .data          0x0000000000000000        0x0 build/obj/chcoreasm_v7m.o
 .bss           0x0000000000000000        0x0 build/obj/chcoreasm_v7m.o
 .text          0x0000000000000000        0x0 build/obj/crt1.o (symbol from plugin)
 .text          0x0000000000000000        0x0 /tmp/ccl2UJYN.ltrans0.ltrans.o
 .data          0x0000000000000000        0x0 /tmp/ccl2UJYN.ltrans0.ltrans.o
 .bss           0x0000000000000000        0x0 /tmp/ccl2UJYN.ltrans0.ltrans.o
 .text          0x0000000000000000        0x0 /tmp/ccl2UJYN.ltrans1.ltrans.o
 .data          0x0000000000000000        0x0 /tmp/ccl2UJYN.ltrans1.ltrans.o
 .bss           0x0000000000000000        0x0 /tmp/ccl2UJYN.ltrans1.ltrans.o
 .text._isatty_r
                0x0000000000000000        0x4 /tmp/ccl2UJYN.ltrans1.ltrans.o
 .text._fstat_r
                0x0000000000000000       0x18 /tmp/ccl2UJYN.ltrans1.ltrans.o
 .text._sbrk_r  0x0000000000000000       0x30 /tmp/ccl2UJYN.ltrans1.ltrans.o
 .text._close_r
                0x0000000000000000        0x4 /tmp/ccl2UJYN.ltrans1.ltrans.o
 .text._write_r
                0x0000000000000000        0x4 /tmp/ccl2UJYN.ltrans1.ltrans.o
 .text._lseek_r
                0x0000000000000000        0x4 /tmp/ccl2UJYN.ltrans1.ltrans.o
 .text._read_r  0x0000000000000000        0xc /tmp/ccl2UJYN.ltrans1.ltrans.o
 .rodata.__func__.7609
                0x0000000000000000        0x8 /tmp/ccl2UJYN.ltrans1.ltrans.o
 .text          0x0000000000000000        0x0 /tmp/ccl2UJYN.ltrans2.ltrans.o
 .data          0x0000000000000000        0x0 /tmp/ccl2UJYN.ltrans2.ltrans.o
 .bss           0x0000000000000000        0x0 /tmp/ccl2UJYN.ltrans2.ltrans.o
 .text          0x0000000000000000        0x0 /tmp/ccl2UJYN.ltrans3.ltrans.o
 .data          0x0000000000000000        0x0 /tmp/ccl2UJYN.ltrans3.ltrans.o
 .bss           0x0000000000000000        0x0 /tmp/ccl2UJYN.ltrans3.ltrans.o
 .text          0x0000000000000000        0x0 /tmp/ccl2UJYN.ltrans4.ltrans.o
 .data          0x0000000000000000        0x0 /tmp/ccl2UJYN.ltrans4.ltrans.o
 .bss           0x0000000000000000        0x0 /tmp/ccl2UJYN.ltrans4.ltrans.o
 .text          0x0000000000000000        0x0 /tmp/ccl2UJYN.ltrans5.ltrans.o
 .data          0x0000000000000000        0x0 /tmp/ccl2UJYN.ltrans5.ltrans.o
 .bss           0x0000000000000000        0x0 /tmp/ccl2UJYN.ltrans5.ltrans.o
 .text          0x0000000000000000        0x0 /tmp/ccl2UJYN.ltrans6.ltrans.o
 .data          0x0000000000000000        0x0 /tmp/ccl2UJYN.ltrans6.ltrans.o
 .bss           0x0000000000000000        0x0 /tmp/ccl2UJYN.ltrans6.ltrans.o
 .text          0x0000000000000000        0x0 build/obj/vectors.o (symbol from plugin)
 .text          0x0000000000000000        0x0 build/obj/chsys.o (symbol from plugin)
 .text          0x0000000000000000        0x0 build/obj/chdebug.o (symbol from plugin)
 .text          0x0000000000000000        0x0 build/obj/chvt.o (symbol from plugin)
 .text          0x0000000000000000        0x0 build/obj/chschd.o (symbol from plugin)
 .text          0x0000000000000000        0x0 build/obj/chthreads.o (symbol from plugin)
 .text          0x0000000000000000        0x0 build/obj/chtm.o (symbol from plugin)
 .text          0x0000000000000000        0x0 build/obj/chstats.o (symbol from plugin)
[...]
Memory Configuration

Name             Origin             Length             Attributes
flash            0x0000000008000000 0x0000000000100000
ram0             0x0000000020000000 0x0000000000020000
ram1             0x0000000020000000 0x000000000001c000
ram2             0x000000002001c000 0x0000000000004000
ram3             0x0000000000000000 0x0000000000000000
ram4             0x0000000010000000 0x0000000000010000
ram5             0x0000000040024000 0x0000000000001000
ram6             0x0000000000000000 0x0000000000000000
ram7             0x0000000000000000 0x0000000000000000
*default*        0x0000000000000000 0xffffffffffffffff

Linker script and memory map

LOAD build/obj/crt0_v7m.o
LOAD build/obj/chcoreasm_v7m.o
LOAD build/obj/crt1.o
LOAD /tmp/ccl2UJYN.ltrans0.ltrans.o
LOAD /tmp/ccl2UJYN.ltrans1.ltrans.o
LOAD /tmp/ccl2UJYN.ltrans2.ltrans.o
LOAD /tmp/ccl2UJYN.ltrans3.ltrans.o
LOAD /tmp/ccl2UJYN.ltrans4.ltrans.o
LOAD /tmp/ccl2UJYN.ltrans5.ltrans.o
LOAD /tmp/ccl2UJYN.ltrans6.ltrans.o
LOAD build/obj/vectors.o
LOAD build/obj/chsys.o
LOAD build/obj/chdebug.o
LOAD build/obj/chvt.o
LOAD build/obj/chschd.o
LOAD build/obj/chthreads.o
LOAD build/obj/chtm.o
LOAD build/obj/chstats.o
LOAD build/obj/chdynamic.o
LOAD build/obj/chregistry.o
LOAD build/obj/chsem.o
LOAD build/obj/chmtx.o
LOAD build/obj/chcond.o
LOAD build/obj/chevents.o
LOAD build/obj/chmsg.o
LOAD build/obj/chmboxes.o
LOAD build/obj/chqueues.o
LOAD build/obj/chmemcore.o
LOAD build/obj/chheap.o
LOAD build/obj/chmempools.o
LOAD build/obj/chcore.o
LOAD build/obj/chcore_v7m.o
LOAD build/obj/osal.o
LOAD build/obj/hal.o
LOAD build/obj/st.o
LOAD build/obj/hal_buffers.o
LOAD build/obj/hal_queues.o
LOAD build/obj/hal_mmcsd.o
LOAD build/obj/i2c.o
LOAD build/obj/pal.o
LOAD build/obj/serial.o
LOAD build/obj/spi.o
LOAD build/obj/uart.o
LOAD build/obj/nvic.o
LOAD build/obj/hal_lld.o
LOAD build/obj/stm32_dma.o
LOAD build/obj/st_lld.o
LOAD build/obj/pal_lld.o
LOAD build/obj/i2c_lld.o
LOAD build/obj/spi_lld.o
LOAD build/obj/serial_lld.o
LOAD build/obj/uart_lld.o
LOAD build/obj/board.o
LOAD build/obj/shell.o
LOAD build/obj/evtimer.o
LOAD build/obj/syscalls.o
LOAD build/obj/memstreams.o
LOAD build/obj/chprintf.o
LOAD build/obj/main.o
LOAD build/obj/shellcfg.o
LOAD build/obj/flash.o
LOAD build/obj/tft_display.o
LOAD build/obj/uart_host.o
LOAD build/obj/math_misc.o
LOAD build/obj/calibrate_imu.o
LOAD build/obj/mpu6050.o
                0x0000000020000000                __ram0_start__ = ORIGIN (ram0)
                0x0000000000020000                __ram0_size__ = LENGTH (ram0)
                0x0000000020020000                __ram0_end__ = (__ram0_start__ + __ram0_size__)
                0x0000000020000000                __ram1_start__ = ORIGIN (ram1)
                0x000000000001c000                __ram1_size__ = LENGTH (ram1)
                0x000000002001c000                __ram1_end__ = (__ram1_start__ + __ram1_size__)
                0x000000002001c000                __ram2_start__ = ORIGIN (ram2)
                0x0000000000004000                __ram2_size__ = LENGTH (ram2)
                0x0000000020020000                __ram2_end__ = (__ram2_start__ + __ram2_size__)
                0x0000000000000000                __ram3_start__ = ORIGIN (ram3)
                0x0000000000000000                __ram3_size__ = LENGTH (ram3)
                0x0000000000000000                __ram3_end__ = (__ram3_start__ + __ram3_size__)
                0x0000000010000000                __ram4_start__ = ORIGIN (ram4)
                0x0000000000010000                __ram4_size__ = LENGTH (ram4)
                0x0000000010010000                __ram4_end__ = (__ram4_start__ + __ram4_size__)
                0x0000000040024000                __ram5_start__ = ORIGIN (ram5)
                0x0000000000001000                __ram5_size__ = LENGTH (ram5)
                0x0000000040025000                __ram5_end__ = (__ram5_start__ + __ram5_size__)
                0x0000000000000000                __ram6_start__ = ORIGIN (ram6)
                0x0000000000000000                __ram6_size__ = LENGTH (ram6)
                0x0000000000000000                __ram6_end__ = (__ram6_start__ + __ram6_size__)
                0x0000000000000000                __ram7_start__ = ORIGIN (ram7)
                0x0000000000000000                __ram7_size__ = LENGTH (ram7)
                0x0000000000000000                __ram7_end__ = (__ram7_start__ + __ram7_size__)
                0x0000000000000000                . = 0x0
                0x0000000000000000                _text = .

startup         0x0000000008000000      0x1c0
 *(.vectors)
 .vectors       0x0000000008000000      0x1c0 /tmp/ccl2UJYN.ltrans1.ltrans.o
                0x0000000008000000                _vectors

constructors    0x00000000080001c0        0x0
                0x00000000080001c0                __init_array_start = .
 *(SORT(.init_array.*))
 *(.init_array)
                0x00000000080001c0                __init_array_end = .

destructors     0x00000000080001c0        0x0
                0x00000000080001c0                __fini_array_start = .
 *(.fini_array)
 *(SORT(.fini_array.*))
                0x00000000080001c0                __fini_array_end = .

.text           0x00000000080001c0     0x7f4c
 *(.text)
 .text          0x00000000080001c0      0x108 build/obj/crt0_v7m.o
                0x00000000080001c0                Reset_Handler
 *fill*         0x00000000080002c8        0x8 
 .text          0x00000000080002d0       0x48 build/obj/chcoreasm_v7m.o
                0x00000000080002d0                _port_switch
                0x00000000080002e8                _port_thread_start
                0x0000000008000300                _port_switch_from_isr
                0x0000000008000314                _port_exit_from_isr
 *fill*         0x0000000008000318        0x8 
 .text          0x0000000008000320      0x370 /usr/lib/gcc/arm-none-eabi/4.9.3/armv7e-m/fpu/libgcc.a(_arm_addsubdf3.o)
                0x0000000008000320                __aeabi_drsub
                0x0000000008000328                __aeabi_dsub
                0x0000000008000328                __subdf3
                0x000000000800032c                __adddf3
                0x000000000800032c                __aeabi_dadd
                0x00000000080005a4                __aeabi_ui2d
                0x00000000080005a4                __floatunsidf
                0x00000000080005c4                __floatsidf
                0x00000000080005c4                __aeabi_i2d
                0x00000000080005e8                __extendsfdf2
                0x00000000080005e8                __aeabi_f2d
                0x0000000008000624                __aeabi_ul2d
                0x0000000008000624                __floatundidf
                0x0000000008000634                __floatdidf
                0x0000000008000634                __aeabi_l2d
 .text          0x0000000008000690      0x424 /usr/lib/gcc/arm-none-eabi/4.9.3/armv7e-m/fpu/libgcc.a(_arm_muldivdf3.o)
                0x0000000008000690                __aeabi_dmul
                0x0000000008000690                __muldf3
                0x00000000080008e4                __aeabi_ddiv
                0x00000000080008e4                __divdf3
 *fill*         0x0000000008000ab4        0xc 
 .text          0x0000000008000ac0       0x50 /usr/lib/gcc/arm-none-eabi/4.9.3/armv7e-m/fpu/libgcc.a(_arm_fixdfsi.o)
                0x0000000008000ac0                __fixdfsi
                0x0000000008000ac0                __aeabi_d2iz
 .text          0x0000000008000b10       0xa0 /usr/lib/gcc/arm-none-eabi/4.9.3/armv7e-m/fpu/libgcc.a(_arm_truncdfsf2.o)
                0x0000000008000b10                __aeabi_d2f
                0x0000000008000b10                __truncdfsf2
 .text          0x0000000008000bb0      0x2e0 /usr/lib/gcc/arm-none-eabi/4.9.3/../../../arm-none-eabi/lib/armv7e-m/fpu/libg.a(lib_a-strcmp.o)
                0x0000000008000bb8                strcmp
 *(.text.*)
 .text.startup.main
                0x0000000008000e90      0xd60 /tmp/ccl2UJYN.ltrans0.ltrans.o
                0x0000000008000e90                main
 .text.serve_usart_irq
                0x0000000008001bf0       0x78 /tmp/ccl2UJYN.ltrans1.ltrans.o
 *fill*         0x0000000008001c68        0x8 
 .text.uart_lld_serve_tx_end_irq.lto_priv.70
                0x0000000008001c70       0x54 /tmp/ccl2UJYN.ltrans1.ltrans.o
                0x0000000008001c70                uart_lld_serve_tx_end_irq.lto_priv.70
 *fill*         0x0000000008001cc4        0xc 
 .text.uart_lld_serve_rx_end_irq.lto_priv.69
                0x0000000008001cd0       0x94 /tmp/ccl2UJYN.ltrans1.ltrans.o
                0x0000000008001cd0                uart_lld_serve_rx_end_irq.lto_priv.69
 *fill*         0x0000000008001d64        0xc 
 .text.notify4.lto_priv.83
                0x0000000008001d70       0x10 /tmp/ccl2UJYN.ltrans1.ltrans.o
                0x0000000008001d70                notify4.lto_priv.83
 .text.notify3.lto_priv.82
                0x0000000008001d80       0x10 /tmp/ccl2UJYN.ltrans1.ltrans.o
                0x0000000008001d80                notify3.lto_priv.82
 .text.spi_lld_serve_tx_interrupt.lto_priv.79
                0x0000000008001d90       0x1c /tmp/ccl2UJYN.ltrans1.ltrans.o
                0x0000000008001d90                spi_lld_serve_tx_interrupt.lto_priv.79
 *fill*         0x0000000008001dac        0x4 
 .text.i2c_lld_serve_tx_end_irq.lto_priv.94
                0x0000000008001db0       0x48 /tmp/ccl2UJYN.ltrans1.ltrans.o
                0x0000000008001db0                i2c_lld_serve_tx_end_irq.lto_priv.94
 *fill*         0x0000000008001df8        0x8 
 .text.cmd_info
                0x0000000008001e00       0xbc /tmp/ccl2UJYN.ltrans1.ltrans.o
 *fill*         0x0000000008001ebc        0x4 
 .text.Vector15C
                0x0000000008001ec0       0x20 /tmp/ccl2UJYN.ltrans1.ltrans.o
 .text.VectorD8
                0x0000000008001ee0       0x20 /tmp/ccl2UJYN.ltrans1.ltrans.o
 .text.serve_interrupt
                0x0000000008001f00      0x1d8 /tmp/ccl2UJYN.ltrans1.ltrans.o
 *fill*         0x00000000080020d8        0x8 
 .text.Vector110
                0x00000000080020e0       0x20 /tmp/ccl2UJYN.ltrans1.ltrans.o
 .text.VectorDC
                0x0000000008002100       0x20 /tmp/ccl2UJYN.ltrans1.ltrans.o
 .text.spi_lld_serve_rx_interrupt.lto_priv.78
                0x0000000008002120       0x98 /tmp/ccl2UJYN.ltrans1.ltrans.o
                0x0000000008002120                spi_lld_serve_rx_interrupt.lto_priv.78
 *fill*         0x00000000080021b8        0x8 
 .text.VectorC0
                0x00000000080021c0      0x100 /tmp/ccl2UJYN.ltrans1.ltrans.o
 .text.VectorBC
                0x00000000080022c0      0x118 /tmp/ccl2UJYN.ltrans1.ltrans.o
 *fill*         0x00000000080023d8        0x8 
 .text.i2c_lld_serve_rx_end_irq.lto_priv.93
                0x00000000080023e0       0x7c /tmp/ccl2UJYN.ltrans1.ltrans.o
                0x00000000080023e0                i2c_lld_serve_rx_end_irq.lto_priv.93
 *fill*         0x000000000800245c        0x4 
 .text.long_to_string_with_divisor.lto_priv.96
                0x0000000008002460       0x48 /tmp/ccl2UJYN.ltrans1.ltrans.o
                0x0000000008002460                long_to_string_with_divisor.lto_priv.96
 *fill*         0x00000000080024a8        0x8 
 .text.__early_init
                0x00000000080024b0       0xc8 /tmp/ccl2UJYN.ltrans1.ltrans.o
                0x00000000080024b0                __early_init
 *fill*         0x0000000008002578        0x8 
 .text.shell_thread.lto_priv.80
                0x0000000008002580      0x228 /tmp/ccl2UJYN.ltrans1.ltrans.o
                0x0000000008002580                shell_thread.lto_priv.80
 *fill*         0x00000000080027a8        0x8 
 .text.cmd_systime
                0x00000000080027b0       0x70 /tmp/ccl2UJYN.ltrans1.ltrans.o
 .text.SVC_Handler
                0x0000000008002820       0x20 /tmp/ccl2UJYN.ltrans2.ltrans.o
                0x0000000008002820                SVC_Handler
 .text.dmaStreamAllocate
                0x0000000008002840       0xcc /tmp/ccl2UJYN.ltrans2.ltrans.o
                0x0000000008002840                dmaStreamAllocate
 *fill*         0x000000000800290c        0x4 
 .text.stSetAlarm
                0x0000000008002910       0x24 /tmp/ccl2UJYN.ltrans2.ltrans.o
                0x0000000008002910                stSetAlarm
 *fill*         0x0000000008002934        0xc 
 .text._port_irq_epilogue
                0x0000000008002940       0x64 /tmp/ccl2UJYN.ltrans2.ltrans.o
                0x0000000008002940                _port_irq_epilogue
 *fill*         0x00000000080029a4        0xc 
 .text.Vector108
                0x00000000080029b0       0xf4 /tmp/ccl2UJYN.ltrans2.ltrans.o
                0x00000000080029b0                Vector108
 *fill*         0x0000000008002aa4        0xc 
 .text.Vector158
                0x0000000008002ab0       0x38 /tmp/ccl2UJYN.ltrans2.ltrans.o
                0x0000000008002ab0                Vector158
 *fill*         0x0000000008002ae8        0x8 
 .text.Vector154
                0x0000000008002af0       0x38 /tmp/ccl2UJYN.ltrans2.ltrans.o
                0x0000000008002af0                Vector154
 *fill*         0x0000000008002b28        0x8 
 .text.Vector150
                0x0000000008002b30       0x38 /tmp/ccl2UJYN.ltrans2.ltrans.o
                0x0000000008002b30                Vector150
 *fill*         0x0000000008002b68        0x8 
 .text.Vector130
                0x0000000008002b70       0x34 /tmp/ccl2UJYN.ltrans2.ltrans.o
                0x0000000008002b70                Vector130
 *fill*         0x0000000008002ba4        0xc 
 .text.Vector12C
                0x0000000008002bb0       0x38 /tmp/ccl2UJYN.ltrans2.ltrans.o
                0x0000000008002bb0                Vector12C
 *fill*         0x0000000008002be8        0x8 
 .text.Vector128
                0x0000000008002bf0       0x38 /tmp/ccl2UJYN.ltrans2.ltrans.o
                0x0000000008002bf0                Vector128
 *fill*         0x0000000008002c28        0x8 
 .text.Vector124
                0x0000000008002c30       0x38 /tmp/ccl2UJYN.ltrans2.ltrans.o
                0x0000000008002c30                Vector124
 *fill*         0x0000000008002c68        0x8 
 .text.Vector120
                0x0000000008002c70       0x34 /tmp/ccl2UJYN.ltrans2.ltrans.o
                0x0000000008002c70                Vector120
 *fill*         0x0000000008002ca4        0xc 
 .text.VectorFC
                0x0000000008002cb0       0x38 /tmp/ccl2UJYN.ltrans2.ltrans.o
                0x0000000008002cb0                VectorFC
 *fill*         0x0000000008002ce8        0x8 
 .text.Vector84
                0x0000000008002cf0       0x38 /tmp/ccl2UJYN.ltrans2.ltrans.o
                0x0000000008002cf0                Vector84
 *fill*         0x0000000008002d28        0x8 
 .text.Vector80
                0x0000000008002d30       0x38 /tmp/ccl2UJYN.ltrans2.ltrans.o
                0x0000000008002d30                Vector80
 *fill*         0x0000000008002d68        0x8 
 .text.Vector7C
                0x0000000008002d70       0x34 /tmp/ccl2UJYN.ltrans2.ltrans.o
                0x0000000008002d70                Vector7C
 *fill*         0x0000000008002da4        0xc 
 .text.Vector78
                0x0000000008002db0       0x38 /tmp/ccl2UJYN.ltrans2.ltrans.o
                0x0000000008002db0                Vector78
 *fill*         0x0000000008002de8        0x8 
 .text.Vector74
                0x0000000008002df0       0x38 /tmp/ccl2UJYN.ltrans2.ltrans.o
                0x0000000008002df0                Vector74
 *fill*         0x0000000008002e28        0x8 
 .text.Vector70
                0x0000000008002e30       0x38 /tmp/ccl2UJYN.ltrans2.ltrans.o
                0x0000000008002e30                Vector70
 *fill*         0x0000000008002e68        0x8 
 .text.Vector6C
                0x0000000008002e70       0x34 /tmp/ccl2UJYN.ltrans2.ltrans.o
                0x0000000008002e70                Vector6C
 *fill*         0x0000000008002ea4        0xc 
 .text.chEvtBroadcastFlagsI
                0x0000000008002eb0       0x9c /tmp/ccl2UJYN.ltrans2.ltrans.o
                0x0000000008002eb0                chEvtBroadcastFlagsI
 *fill*         0x0000000008002f4c        0x4 
 .text.i2cReleaseBus
                0x0000000008002f50       0xf8 /tmp/ccl2UJYN.ltrans2.ltrans.o
                0x0000000008002f50                i2cReleaseBus
 *fill*         0x0000000008003048        0x8 
 .text.i2cAcquireBus
                0x0000000008003050       0x5c /tmp/ccl2UJYN.ltrans2.ltrans.o
                0x0000000008003050                i2cAcquireBus
 *fill*         0x00000000080030ac        0x4 
 .text.chCoreAlloc
                0x00000000080030b0       0x70 /tmp/ccl2UJYN.ltrans2.ltrans.o
                0x00000000080030b0                chCoreAlloc
 .text.chOQWriteTimeout
                0x0000000008003120      0x110 /tmp/ccl2UJYN.ltrans2.ltrans.o
 .text.writet.lto_priv.64
                0x0000000008003230        0x8 /tmp/ccl2UJYN.ltrans2.ltrans.o
                0x0000000008003230                writet.lto_priv.64
 *fill*         0x0000000008003238        0x8 
 .text.write.lto_priv.58
                0x0000000008003240        0xc /tmp/ccl2UJYN.ltrans2.ltrans.o
                0x0000000008003240                write.lto_priv.58
 *fill*         0x000000000800324c        0x4 
 .text.chOQPutTimeout
                0x0000000008003250       0xb0 /tmp/ccl2UJYN.ltrans2.ltrans.o
 .text.putt.lto_priv.62
                0x0000000008003300        0x8 /tmp/ccl2UJYN.ltrans2.ltrans.o
                0x0000000008003300                putt.lto_priv.62
 *fill*         0x0000000008003308        0x8 
 .text.put.lto_priv.60
                0x0000000008003310        0xc /tmp/ccl2UJYN.ltrans2.ltrans.o
                0x0000000008003310                put.lto_priv.60
 *fill*         0x000000000800331c        0x4 
 .text.chIQReadTimeout
                0x0000000008003320      0x108 /tmp/ccl2UJYN.ltrans2.ltrans.o
 *fill*         0x0000000008003428        0x8 
 .text.readt.lto_priv.65
                0x0000000008003430        0x8 /tmp/ccl2UJYN.ltrans2.ltrans.o
                0x0000000008003430                readt.lto_priv.65
 *fill*         0x0000000008003438        0x8 
 .text.read.lto_priv.59
                0x0000000008003440        0xc /tmp/ccl2UJYN.ltrans2.ltrans.o
                0x0000000008003440                read.lto_priv.59
 *fill*         0x000000000800344c        0x4 
 .text.chIQGetTimeout
                0x0000000008003450       0xa4 /tmp/ccl2UJYN.ltrans2.ltrans.o
 *fill*         0x00000000080034f4        0xc 
 .text.gett.lto_priv.63
                0x0000000008003500        0x8 /tmp/ccl2UJYN.ltrans2.ltrans.o
                0x0000000008003500                gett.lto_priv.63
 *fill*         0x0000000008003508        0x8 
 .text.get.lto_priv.61
                0x0000000008003510        0xc /tmp/ccl2UJYN.ltrans2.ltrans.o
                0x0000000008003510                get.lto_priv.61
 *fill*         0x000000000800351c        0x4 
 .text.chprintf
                0x0000000008003520      0x414 /tmp/ccl2UJYN.ltrans3.ltrans.o
                0x0000000008003520                chprintf
 *fill*         0x0000000008003934        0xc 
 .text.Attitude_thread.lto_priv.66
                0x0000000008003940      0x6d8 /tmp/ccl2UJYN.ltrans3.ltrans.o
                0x0000000008003940                Attitude_thread.lto_priv.66
 *fill*         0x0000000008004018        0x8 
 .text.rxchar.lto_priv.84
                0x0000000008004020       0x94 /tmp/ccl2UJYN.ltrans4.ltrans.o
                0x0000000008004020                rxchar.lto_priv.84
 *fill*         0x00000000080040b4        0xc 
 .text.TFT_thread.lto_priv.77
                0x00000000080040c0      0x604 /tmp/ccl2UJYN.ltrans4.ltrans.o
                0x00000000080040c0                TFT_thread.lto_priv.77
 *fill*         0x00000000080046c4        0xc 
 .text.chSchWakeupS.constprop.49
                0x00000000080046d0       0x90 /tmp/ccl2UJYN.ltrans4.ltrans.o
                0x00000000080046d0                chSchWakeupS.constprop.49
 .text.chThdDequeueNextI.constprop.43
                0x0000000008004760       0x34 /tmp/ccl2UJYN.ltrans4.ltrans.o
                0x0000000008004760                chThdDequeueNextI.constprop.43
 *fill*         0x0000000008004794        0xc 
 .text.sdObjectInit.constprop.39
                0x00000000080047a0       0x60 /tmp/ccl2UJYN.ltrans4.ltrans.o
                0x00000000080047a0                sdObjectInit.constprop.39
 .text._strtok.constprop.15
                0x0000000008004800       0x40 /tmp/ccl2UJYN.ltrans4.ltrans.o
                0x0000000008004800                _strtok.constprop.15
 .text.flashRead.part.6.constprop.11
                0x0000000008004840       0x30 /tmp/ccl2UJYN.ltrans4.ltrans.o
                0x0000000008004840                flashRead.part.6.constprop.11
 .text.i2cMasterTransmitTimeout.constprop.34
                0x0000000008004870      0x190 /tmp/ccl2UJYN.ltrans4.ltrans.o
                0x0000000008004870                i2cMasterTransmitTimeout.constprop.34
 .text.mpu6050GetDataRaw
                0x0000000008004a00      0x190 /tmp/ccl2UJYN.ltrans4.ltrans.o
                0x0000000008004a00                mpu6050GetDataRaw
 .text.spiSelect.constprop.27
                0x0000000008004b90       0x6c /tmp/ccl2UJYN.ltrans4.ltrans.o
                0x0000000008004b90                spiSelect.constprop.27
 *fill*         0x0000000008004bfc        0x4 
 .text.spiUnselect.constprop.25
                0x0000000008004c00       0x6c /tmp/ccl2UJYN.ltrans4.ltrans.o
                0x0000000008004c00                spiUnselect.constprop.25
 *fill*         0x0000000008004c6c        0x4 
 .text.spiSend.constprop.23
                0x0000000008004c70       0xb4 /tmp/ccl2UJYN.ltrans4.ltrans.o
                0x0000000008004c70                spiSend.constprop.23
 *fill*         0x0000000008004d24        0xc 
 .text._idle_thread.lto_priv.81
                0x0000000008004d30        0x4 /tmp/ccl2UJYN.ltrans5.ltrans.o
                0x0000000008004d30                _idle_thread.lto_priv.81
 *fill*         0x0000000008004d34        0xc 
 .text._stats_increase_irq
                0x0000000008004d40       0x20 /tmp/ccl2UJYN.ltrans5.ltrans.o
                0x0000000008004d40                _stats_increase_irq
 .text.chTMChainMeasurementToX
                0x0000000008004d60       0x3c /tmp/ccl2UJYN.ltrans5.ltrans.o
                0x0000000008004d60                chTMChainMeasurementToX
 *fill*         0x0000000008004d9c        0x4 
 .text.chTMStopMeasurementX
                0x0000000008004da0       0x48 /tmp/ccl2UJYN.ltrans5.ltrans.o
                0x0000000008004da0                chTMStopMeasurementX
 *fill*         0x0000000008004de8        0x8 
 .text._stats_stop_measure_crit_isr
                0x0000000008004df0        0xc /tmp/ccl2UJYN.ltrans5.ltrans.o
                0x0000000008004df0                _stats_stop_measure_crit_isr
 *fill*         0x0000000008004dfc        0x4 
 .text._stats_stop_measure_crit_thd
                0x0000000008004e00        0xc /tmp/ccl2UJYN.ltrans5.ltrans.o
                0x0000000008004e00                _stats_stop_measure_crit_thd
 *fill*         0x0000000008004e0c        0x4 
 .text.chTMStartMeasurementX
                0x0000000008004e10        0xc /tmp/ccl2UJYN.ltrans5.ltrans.o
                0x0000000008004e10                chTMStartMeasurementX
 *fill*         0x0000000008004e1c        0x4 
 .text._stats_start_measure_crit_isr
                0x0000000008004e20        0xc /tmp/ccl2UJYN.ltrans5.ltrans.o
                0x0000000008004e20                _stats_start_measure_crit_isr
 *fill*         0x0000000008004e2c        0x4 
 .text._stats_start_measure_crit_thd
                0x0000000008004e30        0xc /tmp/ccl2UJYN.ltrans5.ltrans.o
                0x0000000008004e30                _stats_start_measure_crit_thd
 *fill*         0x0000000008004e3c        0x4 
 .text._dbg_trace
                0x0000000008004e40       0x38 /tmp/ccl2UJYN.ltrans5.ltrans.o
                0x0000000008004e40                _dbg_trace
 *fill*         0x0000000008004e78        0x8 
 .text.chSchDoRescheduleAhead
                0x0000000008004e80       0x78 /tmp/ccl2UJYN.ltrans5.ltrans.o
                0x0000000008004e80                chSchDoRescheduleAhead
 *fill*         0x0000000008004ef8        0x8 
 .text.chSchDoReschedule
                0x0000000008004f00        0x4 /tmp/ccl2UJYN.ltrans5.ltrans.o
                0x0000000008004f00                chSchDoReschedule
 *fill*         0x0000000008004f04        0xc 
 .text.chDbgCheckClassS
                0x0000000008004f10       0x20 /tmp/ccl2UJYN.ltrans5.ltrans.o
                0x0000000008004f10                chDbgCheckClassS
 .text.chSchGoSleepS
                0x0000000008004f30       0x64 /tmp/ccl2UJYN.ltrans5.ltrans.o
 *fill*         0x0000000008004f94        0xc 
 .text.chThdSuspendS
                0x0000000008004fa0       0x2c /tmp/ccl2UJYN.ltrans5.ltrans.o
                0x0000000008004fa0                chThdSuspendS
 *fill*         0x0000000008004fcc        0x4 
 .text.chDbgCheckClassI
                0x0000000008004fd0       0x20 /tmp/ccl2UJYN.ltrans5.ltrans.o
                0x0000000008004fd0                chDbgCheckClassI
 .text.chSchGoSleepTimeoutS
                0x0000000008004ff0      0x16c /tmp/ccl2UJYN.ltrans5.ltrans.o
                0x0000000008004ff0                chSchGoSleepTimeoutS
 *fill*         0x000000000800515c        0x4 
 .text.chThdEnqueueTimeoutS
                0x0000000008005160       0x28 /tmp/ccl2UJYN.ltrans5.ltrans.o
                0x0000000008005160                chThdEnqueueTimeoutS
 *fill*         0x0000000008005188        0x8 
 .text.chSchReadyI
                0x0000000008005190       0x50 /tmp/ccl2UJYN.ltrans5.ltrans.o
                0x0000000008005190                chSchReadyI
 .text.chMtxLockS
                0x00000000080051e0       0xf8 /tmp/ccl2UJYN.ltrans5.ltrans.o
                0x00000000080051e0                chMtxLockS
 *fill*         0x00000000080052d8        0x8 
 .text.chThdResumeI
                0x00000000080052e0       0x2c /tmp/ccl2UJYN.ltrans5.ltrans.o
                0x00000000080052e0                chThdResumeI
 *fill*         0x000000000800530c        0x4 
 .text.chThdExitS
                0x0000000008005310       0x4c /tmp/ccl2UJYN.ltrans5.ltrans.o
                0x0000000008005310                chThdExitS
 *fill*         0x000000000800535c        0x4 
 .text._dbg_check_leave_isr
                0x0000000008005360       0x2c /tmp/ccl2UJYN.ltrans5.ltrans.o
                0x0000000008005360                _dbg_check_leave_isr
 *fill*         0x000000000800538c        0x4 
 .text._dbg_check_enter_isr
                0x0000000008005390       0x2c /tmp/ccl2UJYN.ltrans5.ltrans.o
                0x0000000008005390                _dbg_check_enter_isr
 *fill*         0x00000000080053bc        0x4 
 .text._dbg_check_unlock_from_isr
                0x00000000080053c0       0x24 /tmp/ccl2UJYN.ltrans5.ltrans.o
                0x00000000080053c0                _dbg_check_unlock_from_isr
 *fill*         0x00000000080053e4        0xc 
 .text._dbg_check_lock_from_isr
                0x00000000080053f0       0x24 /tmp/ccl2UJYN.ltrans5.ltrans.o
                0x00000000080053f0                _dbg_check_lock_from_isr
 *fill*         0x0000000008005414        0xc 
 .text.wakeup   0x0000000008005420       0x6c /tmp/ccl2UJYN.ltrans5.ltrans.o
 *fill*         0x000000000800548c        0x4 
 .text._dbg_check_unlock
                0x0000000008005490       0x20 /tmp/ccl2UJYN.ltrans5.ltrans.o
                0x0000000008005490                _dbg_check_unlock
 .text._dbg_check_lock
                0x00000000080054b0       0x20 /tmp/ccl2UJYN.ltrans5.ltrans.o
                0x00000000080054b0                _dbg_check_lock
 .text.chThdExit
                0x00000000080054d0       0x18 /tmp/ccl2UJYN.ltrans5.ltrans.o
                0x00000000080054d0                chThdExit
 *fill*         0x00000000080054e8        0x8 
 .text.chThdSleep
                0x00000000080054f0       0x5c /tmp/ccl2UJYN.ltrans5.ltrans.o
                0x00000000080054f0                chThdSleep
 *fill*         0x000000000800554c        0x4 
 .text.chThdCreateStatic
                0x0000000008005550      0x118 /tmp/ccl2UJYN.ltrans5.ltrans.o
                0x0000000008005550                chThdCreateStatic
 *fill*         0x0000000008005668        0x8 
 .text._unhandled_exception
                0x0000000008005670        0x4 /tmp/ccl2UJYN.ltrans5.ltrans.o
                0x0000000008005670                Vector58
                0x0000000008005670                VectorE8
                0x0000000008005670                Vector9C
                0x0000000008005670                VectorAC
                0x0000000008005670                DebugMon_Handler
                0x0000000008005670                Vector1A0
                0x0000000008005670                Vector5C
                0x0000000008005670                Vector11C
                0x0000000008005670                HardFault_Handler
                0x0000000008005670                Vector1B8
                0x0000000008005670                Vector19C
                0x0000000008005670                Vector8C
                0x0000000008005670                SysTick_Handler
                0x0000000008005670                PendSV_Handler
                0x0000000008005670                Vector168
                0x0000000008005670                NMI_Handler
                0x0000000008005670                VectorC8
                0x0000000008005670                Vector94
                0x0000000008005670                VectorA8
                0x0000000008005670                VectorB4
                0x0000000008005670                Vector160
                0x0000000008005670                Vector1B0
                0x0000000008005670                UsageFault_Handler
                0x0000000008005670                VectorEC
                0x0000000008005670                Vector40
                0x0000000008005670                VectorF8
                0x0000000008005670                Vector190
                0x0000000008005670                Vector148
                0x0000000008005670                Vector188
                0x0000000008005670                Vector198
                0x0000000008005670                Vector118
                0x0000000008005670                Vector64
                0x0000000008005670                VectorCC
                0x0000000008005670                Vector54
                0x0000000008005670                Vector98
                0x0000000008005670                Vector138
                0x0000000008005670                Vector24
                0x0000000008005670                Vector1AC
                0x0000000008005670                Vector178
                0x0000000008005670                Vector1A4
                0x0000000008005670                VectorD0
                0x0000000008005670                Vector1B4
                0x0000000008005670                Vector140
                0x0000000008005670                VectorE4
                0x0000000008005670                Vector134
                0x0000000008005670                VectorF0
                0x0000000008005670                Vector13C
                0x0000000008005670                Vector100
                0x0000000008005670                VectorE0
                0x0000000008005670                VectorF4
                0x0000000008005670                MemManage_Handler
                0x0000000008005670                VectorA0
                0x0000000008005670                VectorC4
                0x0000000008005670                Vector180
                0x0000000008005670                VectorB0
                0x0000000008005670                Vector90
                0x0000000008005670                Vector114
                0x0000000008005670                Vector164
                0x0000000008005670                Vector60
                0x0000000008005670                Vector1C
                0x0000000008005670                Vector1BC
                0x0000000008005670                Vector17C
                0x0000000008005670                Vector48
                0x0000000008005670                Vector1A8
                0x0000000008005670                Vector16C
                0x0000000008005670                VectorD4
                0x0000000008005670                Vector4C
                0x0000000008005670                Vector144
                0x0000000008005670                Vector68
                0x0000000008005670                Vector170
                0x0000000008005670                Vector88
                0x0000000008005670                Vector104
                0x0000000008005670                Vector184
                0x0000000008005670                Vector10C
                0x0000000008005670                Vector14C
                0x0000000008005670                BusFault_Handler
                0x0000000008005670                Vector50
                0x0000000008005670                Vector194
                0x0000000008005670                Vector44
                0x0000000008005670                Vector28
                0x0000000008005670                VectorB8
                0x0000000008005670                Vector34
                0x0000000008005670                VectorA4
                0x0000000008005670                Vector20
                0x0000000008005670                Vector18C
                0x0000000008005670                Vector174
 *fill*         0x0000000008005674        0xc 
 .text.__init_ram_areas
                0x0000000008005680       0x4c /tmp/ccl2UJYN.ltrans5.ltrans.o
                0x0000000008005680                __init_ram_areas
 *fill*         0x00000000080056cc        0x4 
 .text.__default_exit
                0x00000000080056d0        0x4 /tmp/ccl2UJYN.ltrans5.ltrans.o
                0x00000000080056d0                __default_exit
 *fill*         0x00000000080056d4        0xc 
 .text.__late_init
                0x00000000080056e0        0x4 /tmp/ccl2UJYN.ltrans5.ltrans.o
                0x00000000080056e0                __late_init
 *fill*         0x00000000080056e4        0xc 
 .text.__core_init
                0x00000000080056f0        0x4 /tmp/ccl2UJYN.ltrans5.ltrans.o
                0x00000000080056f0                __core_init
 *fill*         0x00000000080056f4        0xc 
 .text.cmd_app1.lto_priv.87
                0x0000000008005700        0xc /tmp/ccl2UJYN.ltrans6.ltrans.o
                0x0000000008005700                cmd_app1.lto_priv.87
 *fill*         0x000000000800570c        0x4 
 .text.cmd_print.lto_priv.85
                0x0000000008005710       0x94 /tmp/ccl2UJYN.ltrans6.ltrans.o
                0x0000000008005710                cmd_print.lto_priv.85
 *fill*         0x00000000080057a4        0xc 
 .text.tft_char_is_changed
                0x00000000080057b0       0x88 /tmp/ccl2UJYN.ltrans6.ltrans.o
                0x00000000080057b0                tft_char_is_changed
 *fill*         0x0000000008005838        0x8 
 .text.tft_write_data
                0x0000000008005840       0x28 /tmp/ccl2UJYN.ltrans6.ltrans.o
                0x0000000008005840                tft_write_data
 *fill*         0x0000000008005868        0x8 
 .text.tft_write_command
                0x0000000008005870       0x28 /tmp/ccl2UJYN.ltrans6.ltrans.o
                0x0000000008005870                tft_write_command
 *fill*         0x0000000008005898        0x8 
 .text.tft_set_char_pos
                0x00000000080058a0       0x50 /tmp/ccl2UJYN.ltrans6.ltrans.o
                0x00000000080058a0                tft_set_char_pos
 .text.flashUnlock.part.1.lto_priv.95
                0x00000000080058f0       0x20 /tmp/ccl2UJYN.ltrans6.ltrans.o
                0x00000000080058f0                flashUnlock.part.1.lto_priv.95
 .text.cmd_calibration.lto_priv.86
                0x0000000008005910      0xaa0 /tmp/ccl2UJYN.ltrans6.ltrans.o
                0x0000000008005910                cmd_calibration.lto_priv.86
 .text.__fpclassifyf
                0x00000000080063b0       0x38 /usr/lib/gcc/arm-none-eabi/4.9.3/../../../arm-none-eabi/lib/armv7e-m/fpu/libm.a(lib_a-sf_fpclassify.o)
                0x00000000080063b0                __fpclassifyf
 *fill*         0x00000000080063e8        0x8 
 .text.memset   0x00000000080063f0       0x9c /usr/lib/gcc/arm-none-eabi/4.9.3/../../../arm-none-eabi/lib/armv7e-m/fpu/libg.a(lib_a-memset.o)
                0x00000000080063f0                memset
 *fill*         0x000000000800648c        0x4 
 .text.strpbrk  0x0000000008006490       0x48 /usr/lib/gcc/arm-none-eabi/4.9.3/../../../arm-none-eabi/lib/armv7e-m/fpu/libg.a(lib_a-strpbrk.o)
                0x0000000008006490                strpbrk
 *fill*         0x00000000080064d8        0x8 
 .text.strspn   0x00000000080064e0       0x34 /usr/lib/gcc/arm-none-eabi/4.9.3/../../../arm-none-eabi/lib/armv7e-m/fpu/libg.a(lib_a-strspn.o)
                0x00000000080064e0                strspn
 *(.rodata)
 *(.rodata.*)
 *fill*         0x0000000008006514        0xc 
 .rodata.__func__.7478.lto_priv.67
                0x0000000008006520        0x9 /tmp/ccl2UJYN.ltrans0.ltrans.o
 *fill*         0x0000000008006529        0x7 
 .rodata.__func__.5968.lto_priv.74
                0x0000000008006530        0xc /tmp/ccl2UJYN.ltrans0.ltrans.o
                0x0000000008006530                __func__.5968.lto_priv.74
 *fill*         0x000000000800653c        0x4 
 .rodata.__func__.5968.lto_priv.75
                0x0000000008006540        0xc /tmp/ccl2UJYN.ltrans0.ltrans.o
 *fill*         0x000000000800654c        0x4 
 .rodata.__func__.5968.lto_priv.76
                0x0000000008006550        0xc /tmp/ccl2UJYN.ltrans0.ltrans.o
 *fill*         0x000000000800655c        0x4 
 .rodata.TFTSPI_cfg
                0x0000000008006560        0xc /tmp/ccl2UJYN.ltrans0.ltrans.o
 *fill*         0x000000000800656c        0x4 
 .rodata._stm32_dma_streams
                0x0000000008006570       0xc0 /tmp/ccl2UJYN.ltrans0.ltrans.o
 .rodata.__func__.7478.lto_priv.68
                0x0000000008006630        0xa /tmp/ccl2UJYN.ltrans0.ltrans.o
 *fill*         0x000000000800663a        0x6 
 .rodata.__func__.7525
                0x0000000008006640        0xf /tmp/ccl2UJYN.ltrans0.ltrans.o
 *fill*         0x000000000800664f        0x1 
 .rodata.ch_debug
                0x0000000008006650       0x16 /tmp/ccl2UJYN.ltrans0.ltrans.o
 *fill*         0x0000000008006666        0xa 
 .rodata.str1.4
                0x0000000008006670       0x21 /tmp/ccl2UJYN.ltrans0.ltrans.o
 *fill*         0x0000000008006691        0xf 
 .rodata.commands
                0x00000000080066a0       0x18 /tmp/ccl2UJYN.ltrans0.ltrans.o
 *fill*         0x00000000080066b8        0x8 
 .rodata.shell_cfg1
                0x00000000080066c0        0x8 /tmp/ccl2UJYN.ltrans0.ltrans.o
 *fill*         0x00000000080066c8        0x8 
 .rodata.__func__.7519
                0x00000000080066d0        0x8 /tmp/ccl2UJYN.ltrans0.ltrans.o
 *fill*         0x00000000080066d8        0x8 
 .rodata.__func__.7492
                0x00000000080066e0        0xe /tmp/ccl2UJYN.ltrans0.ltrans.o
 *fill*         0x00000000080066ee        0x2 
 .rodata.__func__.6282
                0x00000000080066f0        0xc /tmp/ccl2UJYN.ltrans1.ltrans.o
 *fill*         0x00000000080066fc        0x4 
 .rodata.str1.4
                0x0000000008006700      0x222 /tmp/ccl2UJYN.ltrans1.ltrans.o
                                        0x226 (size before relaxing)
 *fill*         0x0000000008006922        0xe 
 .rodata.local_commands
                0x0000000008006930       0x18 /tmp/ccl2UJYN.ltrans1.ltrans.o
 *fill*         0x0000000008006948        0x8 
 .rodata.__func__.6708
                0x0000000008006950        0xd /tmp/ccl2UJYN.ltrans2.ltrans.o
 *fill*         0x000000000800695d        0x3 
 .rodata.__func__.7552
                0x0000000008006960       0x12 /tmp/ccl2UJYN.ltrans2.ltrans.o
 *fill*         0x0000000008006972        0xe 
 .rodata.__func__.6057
                0x0000000008006980        0xc /tmp/ccl2UJYN.ltrans2.ltrans.o
 *fill*         0x000000000800698c        0x4 
 .rodata.__func__.6730
                0x0000000008006990       0x11 /tmp/ccl2UJYN.ltrans2.ltrans.o
 *fill*         0x00000000080069a1        0xf 
 .rodata.__func__.5968.lto_priv.101
                0x00000000080069b0        0xc /tmp/ccl2UJYN.ltrans2.ltrans.o
 *fill*         0x00000000080069bc        0x4 
 .rodata.__func__.5968.lto_priv.102
                0x00000000080069c0        0xc /tmp/ccl2UJYN.ltrans2.ltrans.o
 *fill*         0x00000000080069cc        0x4 
 .rodata.__func__.7510
                0x00000000080069d0        0xe /tmp/ccl2UJYN.ltrans2.ltrans.o
 *fill*         0x00000000080069de        0x2 
 .rodata.__func__.6691
                0x00000000080069e0       0x15 /tmp/ccl2UJYN.ltrans2.ltrans.o
 *fill*         0x00000000080069f5        0xb 
 .rodata.__func__.7514
                0x0000000008006a00        0xe /tmp/ccl2UJYN.ltrans2.ltrans.o
 *fill*         0x0000000008006a0e        0x2 
 .rodata.__func__.6694
                0x0000000008006a10       0x10 /tmp/ccl2UJYN.ltrans2.ltrans.o
 .rodata.__func__.6697
                0x0000000008006a20        0xc /tmp/ccl2UJYN.ltrans2.ltrans.o
 *fill*         0x0000000008006a2c        0x4 
 .rodata.__func__.7481
                0x0000000008006a30        0xb /tmp/ccl2UJYN.ltrans2.ltrans.o
 *fill*         0x0000000008006a3b        0x5 
 .rodata.__func__.7487
                0x0000000008006a40       0x12 /tmp/ccl2UJYN.ltrans3.ltrans.o
 *fill*         0x0000000008006a52        0xe 
 .rodata.__func__.5968.lto_priv.91
                0x0000000008006a60        0xc /tmp/ccl2UJYN.ltrans3.ltrans.o
 *fill*         0x0000000008006a6c        0x4 
 .rodata.__func__.7552
                0x0000000008006a70        0xe /tmp/ccl2UJYN.ltrans3.ltrans.o
 *fill*         0x0000000008006a7e        0x2 
 .rodata.__func__.6142.lto_priv.107
                0x0000000008006a80        0xc /tmp/ccl2UJYN.ltrans3.ltrans.o
                0x0000000008006a80                __func__.6142.lto_priv.107
 *fill*         0x0000000008006a8c        0x4 
 .rodata.str1.4
                0x0000000008006a90       0x4f /tmp/ccl2UJYN.ltrans3.ltrans.o
 *fill*         0x0000000008006adf        0x1 
 .rodata.pow10  0x0000000008006ae0       0x24 /tmp/ccl2UJYN.ltrans3.ltrans.o
 *fill*         0x0000000008006b04        0xc 
 .rodata.i2cfg  0x0000000008006b10        0xc /tmp/ccl2UJYN.ltrans3.ltrans.o
 *fill*         0x0000000008006b1c        0x4 
 .rodata.__func__.7478
                0x0000000008006b20        0x9 /tmp/ccl2UJYN.ltrans3.ltrans.o
 *fill*         0x0000000008006b29        0x7 
 .rodata.__func__.6743
                0x0000000008006b30       0x15 /tmp/ccl2UJYN.ltrans4.ltrans.o
 *fill*         0x0000000008006b45        0xb 
 .rodata.__func__.5968.lto_priv.53
                0x0000000008006b50        0xc /tmp/ccl2UJYN.ltrans4.ltrans.o
                0x0000000008006b50                __func__.5968.lto_priv.53
 *fill*         0x0000000008006b5c        0x4 
 .rodata.__func__.7497
                0x0000000008006b60       0x19 /tmp/ccl2UJYN.ltrans4.ltrans.o
 *fill*         0x0000000008006b79        0x7 
 .rodata.__func__.5968.lto_priv.55
                0x0000000008006b80        0xc /tmp/ccl2UJYN.ltrans4.ltrans.o
 *fill*         0x0000000008006b8c        0x4 
 .rodata.vmt    0x0000000008006b90       0x20 /tmp/ccl2UJYN.ltrans4.ltrans.o
 .rodata.__func__.6154
                0x0000000008006bb0       0x14 /tmp/ccl2UJYN.ltrans4.ltrans.o
 *fill*         0x0000000008006bc4        0xc 
 .rodata.rplidar_rx_descriptor
                0x0000000008006bd0        0x7 /tmp/ccl2UJYN.ltrans4.ltrans.o
 *fill*         0x0000000008006bd7        0x9 
 .rodata.__func__.7532
                0x0000000008006be0        0x8 /tmp/ccl2UJYN.ltrans4.ltrans.o
 *fill*         0x0000000008006be8        0x8 
 .rodata.ascii_8x16
                0x0000000008006bf0     0x1000 /tmp/ccl2UJYN.ltrans4.ltrans.o
 .rodata.__func__.6699
                0x0000000008007bf0        0xd /tmp/ccl2UJYN.ltrans4.ltrans.o
 *fill*         0x0000000008007bfd        0x3 
 .rodata.__func__.5968.lto_priv.54
                0x0000000008007c00        0xc /tmp/ccl2UJYN.ltrans4.ltrans.o
                0x0000000008007c00                __func__.5968.lto_priv.54
 *fill*         0x0000000008007c0c        0x4 
 .rodata.__func__.7486.lto_priv.56
                0x0000000008007c10        0xd /tmp/ccl2UJYN.ltrans4.ltrans.o
                0x0000000008007c10                __func__.7486.lto_priv.56
 *fill*         0x0000000008007c1d        0x3 
 .rodata.__func__.7486.lto_priv.57
                0x0000000008007c20        0xa /tmp/ccl2UJYN.ltrans4.ltrans.o
 *fill*         0x0000000008007c2a        0x6 
 .rodata.__func__.7490
                0x0000000008007c30        0xc /tmp/ccl2UJYN.ltrans4.ltrans.o
 *fill*         0x0000000008007c3c        0x4 
 .rodata.str1.4
                0x0000000008007c40       0x1f /tmp/ccl2UJYN.ltrans4.ltrans.o
 *fill*         0x0000000008007c5f        0x1 
 .rodata.__func__.6674.lto_priv.105
                0x0000000008007c60        0xb /tmp/ccl2UJYN.ltrans5.ltrans.o
 *fill*         0x0000000008007c6b        0x5 
 .rodata.__func__.6671
                0x0000000008007c70        0xc /tmp/ccl2UJYN.ltrans5.ltrans.o
 *fill*         0x0000000008007c7c        0x4 
 .rodata.__func__.6727
                0x0000000008007c80        0xb /tmp/ccl2UJYN.ltrans5.ltrans.o
 *fill*         0x0000000008007c8b        0x5 
 .rodata.__func__.6683
                0x0000000008007c90        0xd /tmp/ccl2UJYN.ltrans5.ltrans.o
 *fill*         0x0000000008007c9d        0x3 
 .rodata.str1.4
                0x0000000008007ca0       0x3d /tmp/ccl2UJYN.ltrans5.ltrans.o
                                         0x4d (size before relaxing)
 *fill*         0x0000000008007cdd        0x3 
 .rodata.ram_areas
                0x0000000008007ce0       0x80 /tmp/ccl2UJYN.ltrans5.ltrans.o
 .rodata.__func__.6737
                0x0000000008007d60        0xe /tmp/ccl2UJYN.ltrans5.ltrans.o
 *fill*         0x0000000008007d6e        0x2 
 .rodata.__func__.6674.lto_priv.106
                0x0000000008007d70        0xb /tmp/ccl2UJYN.ltrans5.ltrans.o
 *fill*         0x0000000008007d7b        0x5 
 .rodata.__func__.7474
                0x0000000008007d80        0xd /tmp/ccl2UJYN.ltrans5.ltrans.o
 *fill*         0x0000000008007d8d        0x3 
 .rodata.__func__.6749
                0x0000000008007d90        0xd /tmp/ccl2UJYN.ltrans5.ltrans.o
 *fill*         0x0000000008007d9d        0x3 
 .rodata.__func__.6755
                0x0000000008007da0        0xd /tmp/ccl2UJYN.ltrans6.ltrans.o
 *fill*         0x0000000008007dad        0x3 
 .rodata.str1.4
                0x0000000008007db0      0x344 /tmp/ccl2UJYN.ltrans6.ltrans.o
                                        0x347 (size before relaxing)
 *fill*         0x00000000080080f4        0xc 
 .rodata.__func__.5968.lto_priv.90
                0x0000000008008100        0xc /tmp/ccl2UJYN.ltrans6.ltrans.o
                0x0000000008008100                __func__.5968.lto_priv.90
 *(.glue_7t)
 .glue_7t       0x000000000800810c        0x0 linker stubs
 *(.glue_7)
 .glue_7        0x000000000800810c        0x0 linker stubs
 *(.gcc*)

.vfp11_veneer   0x000000000800810c        0x0
 .vfp11_veneer  0x000000000800810c        0x0 linker stubs

.v4_bx          0x000000000800810c        0x0
 .v4_bx         0x000000000800810c        0x0 linker stubs

.iplt           0x000000000800810c        0x0
 .iplt          0x000000000800810c        0x0 build/obj/crt0_v7m.o

.rel.dyn        0x000000000800810c        0x0
 .rel.iplt      0x000000000800810c        0x0 build/obj/crt0_v7m.o

.ARM.extab
 *(.ARM.extab* .gnu.linkonce.armextab.*)

.ARM.exidx      0x000000000800810c        0x0
                0x000000000800810c                __exidx_start = .
 *(.ARM.exidx* .gnu.linkonce.armexidx.*)
                0x000000000800810c                __exidx_end = .

.eh_frame_hdr
 *(.eh_frame_hdr)

.eh_frame
 *(.eh_frame)

.textalign      0x000000000800810c        0x4
                0x0000000008008110                . = ALIGN (0x8)
 *fill*         0x000000000800810c        0x4 
                0x0000000008008110                . = ALIGN (0x4)
                [!provide]                        PROVIDE (_etext, .)

.mstack         0x0000000020000000      0x400
                0x0000000020000000                . = ALIGN (0x8)
                0x0000000020000000                __main_stack_base__ = .
                0x0000000020000400                . = (. + __main_stack_size__)
 *fill*         0x0000000020000000      0x400 
                0x0000000020000400                . = ALIGN (0x8)
                0x0000000020000400                __main_stack_end__ = .

.pstack         0x0000000020000400      0x400
                0x0000000020000400                __process_stack_base__ = .
                0x0000000020000400                __main_thread_stack_base__ = .
                0x0000000020000800                . = (. + __process_stack_size__)
 *fill*         0x0000000020000400      0x400 
                0x0000000020000800                . = ALIGN (0x8)
                0x0000000020000800                __process_stack_end__ = .
                0x0000000020000800                __main_thread_stack_end__ = .

.data           0x0000000020000800       0x20 load address 0x0000000008008110
                0x0000000020000800                . = ALIGN (0x4)
                [!provide]                        PROVIDE (_textdata, LOADADDR (.data))
                [!provide]                        PROVIDE (_data, .)
                0x0000000008008110                _textdata_start = LOADADDR (.data)
                0x0000000020000800                _data_start = .
 *(.data)
 *(.data.*)
 .data.uart_cfg
                0x0000000020000800       0x20 /tmp/ccl2UJYN.ltrans0.ltrans.o
 *(.ramtext)
                0x0000000020000820                . = ALIGN (0x4)
                [!provide]                        PROVIDE (_edata, .)
                0x0000000020000820                _data_end = .

.igot.plt       0x0000000020000820        0x0 load address 0x0000000008008130
 .igot.plt      0x0000000020000820        0x0 build/obj/crt0_v7m.o

.bss            0x0000000020000820     0x3a24 load address 0x0000000008008130
                0x0000000020000820                . = ALIGN (0x4)
                0x0000000020000820                _bss_start = .
 *(.bss)
 *(.bss.*)
 .bss.UARTD2    0x0000000020000820       0x1c /tmp/ccl2UJYN.ltrans0.ltrans.o
                0x0000000020000820                UARTD2
 .bss.endmem.lto_priv.103
                0x000000002000083c        0x4 /tmp/ccl2UJYN.ltrans0.ltrans.o
                0x000000002000083c                endmem.lto_priv.103
 .bss.nextmem.lto_priv.104
                0x0000000020000840        0x4 /tmp/ccl2UJYN.ltrans0.ltrans.o
                0x0000000020000840                nextmem.lto_priv.104
 .bss.dma_isr_redir.lto_priv.98
                0x0000000020000844       0x80 /tmp/ccl2UJYN.ltrans0.ltrans.o
                0x0000000020000844                dma_isr_redir.lto_priv.98
 .bss.SD3       0x00000000200008c4       0x78 /tmp/ccl2UJYN.ltrans0.ltrans.o
                0x00000000200008c4                SD3
 .bss.dma_streams_mask.lto_priv.97
                0x000000002000093c        0x4 /tmp/ccl2UJYN.ltrans0.ltrans.o
                0x000000002000093c                dma_streams_mask.lto_priv.97
 .bss.curr_text_color
                0x0000000020000940        0x2 /tmp/ccl2UJYN.ltrans0.ltrans.o
 *fill*         0x0000000020000942        0x2 
 .bss.pIMU      0x0000000020000944        0x4 /tmp/ccl2UJYN.ltrans0.ltrans.o
 .bss.Shell_thread_wa
                0x0000000020000948      0x570 /tmp/ccl2UJYN.ltrans0.ltrans.o
 .bss.curr_bg_color
                0x0000000020000eb8        0x2 /tmp/ccl2UJYN.ltrans0.ltrans.o
 *fill*         0x0000000020000eba        0x6 
 .bss.TFT_thread_wa
                0x0000000020000ec0     0x1170 /tmp/ccl2UJYN.ltrans0.ltrans.o
 .bss.shell_terminated
                0x0000000020002030        0x4 /tmp/ccl2UJYN.ltrans0.ltrans.o
                0x0000000020002030                shell_terminated
 *fill*         0x0000000020002034        0x4 
 .bss.Attitude_thread_wa
                0x0000000020002038     0x1170 /tmp/ccl2UJYN.ltrans0.ltrans.o
 .bss.dummytx   0x00000000200031a8        0x2 /tmp/ccl2UJYN.ltrans0.ltrans.o
 .bss.curr_text_color_sp
                0x00000000200031aa        0x2 /tmp/ccl2UJYN.ltrans0.ltrans.o
 .bss.I2CD1     0x00000000200031ac       0x38 /tmp/ccl2UJYN.ltrans0.ltrans.o
                0x00000000200031ac                I2CD1
 *fill*         0x00000000200031e4        0x4 
 .bss.default_heap
                0x00000000200031e8       0x20 /tmp/ccl2UJYN.ltrans0.ltrans.o
 .bss.UARTD6    0x0000000020003208       0x1c /tmp/ccl2UJYN.ltrans4.ltrans.o
                0x0000000020003208                UARTD6
 .bss.lidar_tx_start_flag
                0x0000000020003224        0x1 /tmp/ccl2UJYN.ltrans4.ltrans.o
 *fill*         0x0000000020003225        0x3 
 .bss.SPID2     0x0000000020003228       0x30 /tmp/ccl2UJYN.ltrans4.ltrans.o
                0x0000000020003228                SPID2
 .bss.text      0x0000000020003258       0xc8 /tmp/ccl2UJYN.ltrans4.ltrans.o
                0x0000000020003258                text
 .bss.bg_color  0x0000000020003320      0x190 /tmp/ccl2UJYN.ltrans4.ltrans.o
                0x0000000020003320                bg_color
 .bss.mpu6050Data
                0x00000000200034b0        0xc /tmp/ccl2UJYN.ltrans4.ltrans.o
 *fill*         0x00000000200034bc        0x4 
 .bss.ch        0x00000000200034c0      0x660 /tmp/ccl2UJYN.ltrans4.ltrans.o
                0x00000000200034c0                ch
 .bss.mpu6050TXData.lto_priv.92
                0x0000000020003b20        0x5 /tmp/ccl2UJYN.ltrans4.ltrans.o
                0x0000000020003b20                mpu6050TXData.lto_priv.92
 .bss.tft_orientation
                0x0000000020003b25        0x1 /tmp/ccl2UJYN.ltrans4.ltrans.o
                0x0000000020003b25                tft_orientation
 *fill*         0x0000000020003b26        0x2 
 .bss.g_i2cErrorInfo
                0x0000000020003b28        0x6 /tmp/ccl2UJYN.ltrans4.ltrans.o
                0x0000000020003b28                g_i2cErrorInfo
 .bss.dummyrx   0x0000000020003b2e        0x2 /tmp/ccl2UJYN.ltrans4.ltrans.o
 .bss.data_length
                0x0000000020003b30        0x4 /tmp/ccl2UJYN.ltrans4.ltrans.o
 .bss.mpu6050RXData
                0x0000000020003b34        0xe /tmp/ccl2UJYN.ltrans4.ltrans.o
 *fill*         0x0000000020003b42        0x2 
 .bss.rxbuf     0x0000000020003b44        0x7 /tmp/ccl2UJYN.ltrans4.ltrans.o
 *fill*         0x0000000020003b4b        0x1 
 .bss.text_color
                0x0000000020003b4c      0x190 /tmp/ccl2UJYN.ltrans4.ltrans.o
                0x0000000020003b4c                text_color
 .bss.bg_color_prev
                0x0000000020003cdc      0x190 /tmp/ccl2UJYN.ltrans6.ltrans.o
                0x0000000020003cdc                bg_color_prev
 .bss.side_complete_count
                0x0000000020003e6c        0x1 /tmp/ccl2UJYN.ltrans6.ltrans.o
 .bss.calibration_state_record
                0x0000000020003e6d        0x1 /tmp/ccl2UJYN.ltrans6.ltrans.o
 *fill*         0x0000000020003e6e        0x2 
 .bss.accel_ref
                0x0000000020003e70       0x48 /tmp/ccl2UJYN.ltrans6.ltrans.o
 .bss.SD4       0x0000000020003eb8       0x78 /tmp/ccl2UJYN.ltrans6.ltrans.o
                0x0000000020003eb8                SD4
 .bss.side_data_collected
                0x0000000020003f30        0x6 /tmp/ccl2UJYN.ltrans6.ltrans.o
 *fill*         0x0000000020003f36        0x2 
 .bss.text_color_prev
                0x0000000020003f38      0x190 /tmp/ccl2UJYN.ltrans6.ltrans.o
                0x0000000020003f38                text_color_prev
 .bss.detect_attempt
                0x00000000200040c8        0x1 /tmp/ccl2UJYN.ltrans6.ltrans.o
 *fill*         0x00000000200040c9        0x3 
 .bss.text_prev
                0x00000000200040cc       0xc8 /tmp/ccl2UJYN.ltrans6.ltrans.o
                0x00000000200040cc                text_prev
 .bss.g_IMU1    0x0000000020004194       0xb0 /tmp/ccl2UJYN.ltrans6.ltrans.o
                0x0000000020004194                g_IMU1
 *(COMMON)
                0x0000000020004244                . = ALIGN (0x4)
                0x0000000020004244                _bss_end = .
                [!provide]                        PROVIDE (end, .)

.ram0_init      0x0000000020004244        0x0 load address 0x0000000008008130
                0x0000000020004244                . = ALIGN (0x4)
                0x0000000008008130                __ram0_init_text__ = LOADADDR (.ram0_init)
                0x0000000020004244                __ram0_init__ = .
 *(.ram0_init)
 *(.ram0_init.*)
                0x0000000020004244                . = ALIGN (0x4)

.ram0           0x0000000020004244        0x0 load address 0x0000000008008130
                0x0000000020004244                . = ALIGN (0x4)
                0x0000000020004244                __ram0_clear__ = .
 *(.ram0_clear)
 *(.ram0_clear.*)
                0x0000000020004244                . = ALIGN (0x4)
                0x0000000020004244                __ram0_noinit__ = .
 *(.ram0)
 *(.ram0.*)
                0x0000000020004244                . = ALIGN (0x4)
                0x0000000020004244                __ram0_free__ = .

.ram1_init      0x0000000020000000        0x0 load address 0x0000000008008130
                0x0000000020000000                . = ALIGN (0x4)
                0x0000000008008130                __ram1_init_text__ = LOADADDR (.ram1_init)
                0x0000000020000000                __ram1_init__ = .
 *(.ram1_init)
 *(.ram1_init.*)
                0x0000000020000000                . = ALIGN (0x4)

.ram1           0x0000000020000000        0x0 load address 0x0000000008008130
                0x0000000020000000                . = ALIGN (0x4)
                0x0000000020000000                __ram1_clear__ = .
 *(.ram1_clear)
 *(.ram1_clear.*)
                0x0000000020000000                . = ALIGN (0x4)
                0x0000000020000000                __ram1_noinit__ = .
 *(.ram1)
 *(.ram1.*)
                0x0000000020000000                . = ALIGN (0x4)
                0x0000000020000000                __ram1_free__ = .

.ram2_init      0x000000002001c000        0x0 load address 0x0000000008008130
                0x000000002001c000                . = ALIGN (0x4)
                0x0000000008008130                __ram2_init_text__ = LOADADDR (.ram2_init)
                0x000000002001c000                __ram2_init__ = .
 *(.ram2_init)
 *(.ram2_init.*)
                0x000000002001c000                . = ALIGN (0x4)

.ram2           0x000000002001c000        0x0 load address 0x0000000008008130
                0x000000002001c000                . = ALIGN (0x4)
                0x000000002001c000                __ram2_clear__ = .
 *(.ram2_clear)
 *(.ram2_clear.*)
                0x000000002001c000                . = ALIGN (0x4)
                0x000000002001c000                __ram2_noinit__ = .
 *(.ram2)
 *(.ram2.*)
                0x000000002001c000                . = ALIGN (0x4)
                0x000000002001c000                __ram2_free__ = .

.ram3_init      0x0000000000000000        0x0 load address 0x0000000008008130
                0x0000000000000000                . = ALIGN (0x4)
                0x0000000008008130                __ram3_init_text__ = LOADADDR (.ram3_init)
                0x0000000000000000                __ram3_init__ = .
 *(.ram3_init)
 *(.ram3_init.*)
                0x0000000000000000                . = ALIGN (0x4)

.ram3           0x0000000000000000        0x0 load address 0x0000000008008130
                0x0000000000000000                . = ALIGN (0x4)
                0x0000000000000000                __ram3_clear__ = .
 *(.ram3_clear)
 *(.ram3_clear.*)
                0x0000000000000000                . = ALIGN (0x4)
                0x0000000000000000                __ram3_noinit__ = .
 *(.ram3)
 *(.ram3.*)
                0x0000000000000000                . = ALIGN (0x4)
                0x0000000000000000                __ram3_free__ = .

.ram4_init      0x0000000010000000        0x0 load address 0x0000000008008130
                0x0000000010000000                . = ALIGN (0x4)
                0x0000000008008130                __ram4_init_text__ = LOADADDR (.ram4_init)
                0x0000000010000000                __ram4_init__ = .
 *(.ram4_init)
 *(.ram4_init.*)
                0x0000000010000000                . = ALIGN (0x4)

.ram4           0x0000000010000000        0x0 load address 0x0000000008008130
                0x0000000010000000                . = ALIGN (0x4)
                0x0000000010000000                __ram4_clear__ = .
 *(.ram4_clear)
 *(.ram4_clear.*)
                0x0000000010000000                . = ALIGN (0x4)
                0x0000000010000000                __ram4_noinit__ = .
 *(.ram4)
 *(.ram4.*)
                0x0000000010000000                . = ALIGN (0x4)
                0x0000000010000000                __ram4_free__ = .

.ram5_init      0x0000000040024000        0x0 load address 0x0000000008008130
                0x0000000040024000                . = ALIGN (0x4)
                0x0000000008008130                __ram5_init_text__ = LOADADDR (.ram5_init)
                0x0000000040024000                __ram5_init__ = .
 *(.ram5_init)
 *(.ram5_init.*)
                0x0000000040024000                . = ALIGN (0x4)

.ram5           0x0000000040024000        0x0 load address 0x0000000008008130
                0x0000000040024000                . = ALIGN (0x4)
                0x0000000040024000                __ram5_clear__ = .
 *(.ram5_clear)
 *(.ram5_clear.*)
                0x0000000040024000                . = ALIGN (0x4)
                0x0000000040024000                __ram5_noinit__ = .
 *(.ram5)
 *(.ram5.*)
                0x0000000040024000                . = ALIGN (0x4)
                0x0000000040024000                __ram5_free__ = .

.ram6_init      0x0000000000000000        0x0 load address 0x0000000008008130
                0x0000000000000000                . = ALIGN (0x4)
                0x0000000008008130                __ram6_init_text__ = LOADADDR (.ram6_init)
                0x0000000000000000                __ram6_init__ = .
 *(.ram6_init)
 *(.ram6_init.*)
                0x0000000000000000                . = ALIGN (0x4)

.ram6           0x0000000000000000        0x0 load address 0x0000000008008130
                0x0000000000000000                . = ALIGN (0x4)
                0x0000000000000000                __ram6_clear__ = .
 *(.ram6_clear)
 *(.ram6_clear.*)
                0x0000000000000000                . = ALIGN (0x4)
                0x0000000000000000                __ram6_noinit__ = .
 *(.ram6)
 *(.ram6.*)
                0x0000000000000000                . = ALIGN (0x4)
                0x0000000000000000                __ram6_free__ = .

.ram7_init      0x0000000000000000        0x0 load address 0x0000000008008130
                0x0000000000000000                . = ALIGN (0x4)
                0x0000000008008130                __ram7_init_text__ = LOADADDR (.ram7_init)
                0x0000000000000000                __ram7_init__ = .
 *(.ram7_init)
 *(.ram7_init.*)
                0x0000000000000000                . = ALIGN (0x4)

.ram7           0x0000000000000000        0x0 load address 0x0000000008008130
                0x0000000000000000                . = ALIGN (0x4)
                0x0000000000000000                __ram7_clear__ = .
 *(.ram7_clear)
 *(.ram7_clear.*)
                0x0000000000000000                . = ALIGN (0x4)
                0x0000000000000000                __ram7_noinit__ = .
 *(.ram7)
 *(.ram7.*)
                0x0000000000000000                . = ALIGN (0x4)
                0x0000000000000000                __ram7_free__ = .

.heap           0x0000000020004244    0x1bdbc
                0x0000000020004248                . = ALIGN (0x8)
 *fill*         0x0000000020004244        0x4 
                0x0000000020004248                __heap_base__ = .
                0x0000000020020000                . = (ORIGIN (HEAP_RAM) + LENGTH (HEAP_RAM))
 *fill*         0x0000000020004248    0x1bdb8 
                0x0000000020020000                __heap_end__ = .
                0x0000000000000400                __process_stack_size__ = 0x400
                0x0000000000000400                __main_stack_size__ = 0x400
LOAD /usr/lib/gcc/arm-none-eabi/4.9.3/../../../arm-none-eabi/lib/armv7e-m/fpu/libm.a
START GROUP
LOAD /usr/lib/gcc/arm-none-eabi/4.9.3/armv7e-m/fpu/libgcc.a
LOAD /usr/lib/gcc/arm-none-eabi/4.9.3/../../../arm-none-eabi/lib/armv7e-m/fpu/libg.a
LOAD /usr/lib/gcc/arm-none-eabi/4.9.3/../../../arm-none-eabi/lib/armv7e-m/fpu/libc.a
END GROUP
OUTPUT(build/ch.elf elf32-littlearm)

.ARM.attributes
                0x0000000000000000       0x35
 .ARM.attributes
                0x0000000000000000       0x25 build/obj/crt0_v7m.o
 .ARM.attributes
                0x0000000000000025       0x25 build/obj/chcoreasm_v7m.o
 .ARM.attributes
                0x000000000000004a       0x37 /tmp/ccl2UJYN.ltrans0.ltrans.o
 .ARM.attributes
                0x0000000000000081       0x37 /tmp/ccl2UJYN.ltrans1.ltrans.o
 .ARM.attributes
                0x00000000000000b8       0x37 /tmp/ccl2UJYN.ltrans2.ltrans.o
 .ARM.attributes
                0x00000000000000ef       0x37 /tmp/ccl2UJYN.ltrans3.ltrans.o
 .ARM.attributes
                0x0000000000000126       0x37 /tmp/ccl2UJYN.ltrans4.ltrans.o
 .ARM.attributes
                0x000000000000015d       0x37 /tmp/ccl2UJYN.ltrans5.ltrans.o
 .ARM.attributes
                0x0000000000000194       0x37 /tmp/ccl2UJYN.ltrans6.ltrans.o
 .ARM.attributes
                0x00000000000001cb       0x34 /usr/lib/gcc/arm-none-eabi/4.9.3/../../../arm-none-eabi/lib/armv7e-m/fpu/libm.a(lib_a-sf_fpclassify.o)
 .ARM.attributes
                0x00000000000001ff       0x22 /usr/lib/gcc/arm-none-eabi/4.9.3/armv7e-m/fpu/libgcc.a(_arm_addsubdf3.o)
 .ARM.attributes
                0x0000000000000221       0x22 /usr/lib/gcc/arm-none-eabi/4.9.3/armv7e-m/fpu/libgcc.a(_arm_muldivdf3.o)
 .ARM.attributes
                0x0000000000000243       0x22 /usr/lib/gcc/arm-none-eabi/4.9.3/armv7e-m/fpu/libgcc.a(_arm_fixdfsi.o)
 .ARM.attributes
                0x0000000000000265       0x22 /usr/lib/gcc/arm-none-eabi/4.9.3/armv7e-m/fpu/libgcc.a(_arm_truncdfsf2.o)
 .ARM.attributes
                0x0000000000000287       0x34 /usr/lib/gcc/arm-none-eabi/4.9.3/../../../arm-none-eabi/lib/armv7e-m/fpu/libg.a(lib_a-memset.o)
 .ARM.attributes
                0x00000000000002bb       0x20 /usr/lib/gcc/arm-none-eabi/4.9.3/../../../arm-none-eabi/lib/armv7e-m/fpu/libg.a(lib_a-strcmp.o)
 .ARM.attributes
                0x00000000000002db       0x34 /usr/lib/gcc/arm-none-eabi/4.9.3/../../../arm-none-eabi/lib/armv7e-m/fpu/libg.a(lib_a-strpbrk.o)
 .ARM.attributes
                0x000000000000030f       0x34 /usr/lib/gcc/arm-none-eabi/4.9.3/../../../arm-none-eabi/lib/armv7e-m/fpu/libg.a(lib_a-strspn.o)

.comment        0x0000000000000000       0x70
 .comment       0x0000000000000000       0x38 /tmp/ccl2UJYN.ltrans0.ltrans.o
                                         0x39 (size before relaxing)
 .comment       0x0000000000000038       0x39 /tmp/ccl2UJYN.ltrans1.ltrans.o
 .comment       0x0000000000000038       0x39 /tmp/ccl2UJYN.ltrans2.ltrans.o
 .comment       0x0000000000000038       0x39 /tmp/ccl2UJYN.ltrans3.ltrans.o
 .comment       0x0000000000000038       0x39 /tmp/ccl2UJYN.ltrans4.ltrans.o
 .comment       0x0000000000000038       0x39 /tmp/ccl2UJYN.ltrans5.ltrans.o
 .comment       0x0000000000000038       0x39 /tmp/ccl2UJYN.ltrans6.ltrans.o
 .comment       0x0000000000000038       0x38 /usr/lib/gcc/arm-none-eabi/4.9.3/../../../arm-none-eabi/lib/armv7e-m/fpu/libm.a(lib_a-sf_fpclassify.o)
                                         0x39 (size before relaxing)
 .comment       0x0000000000000070       0x39 /usr/lib/gcc/arm-none-eabi/4.9.3/../../../arm-none-eabi/lib/armv7e-m/fpu/libg.a(lib_a-memset.o)
 .comment       0x0000000000000070       0x39 /usr/lib/gcc/arm-none-eabi/4.9.3/../../../arm-none-eabi/lib/armv7e-m/fpu/libg.a(lib_a-strpbrk.o)
 .comment       0x0000000000000070       0x39 /usr/lib/gcc/arm-none-eabi/4.9.3/../../../arm-none-eabi/lib/armv7e-m/fpu/libg.a(lib_a-strspn.o)

.debug_info     0x0000000000000000    0x15ac6
 .debug_info    0x0000000000000000     0x3a87 /tmp/ccl2UJYN.ltrans0.ltrans.o
 .debug_info    0x0000000000003a87     0x42f7 /tmp/ccl2UJYN.ltrans1.ltrans.o
 .debug_info    0x0000000000007d7e     0x3466 /tmp/ccl2UJYN.ltrans2.ltrans.o
 .debug_info    0x000000000000b1e4     0x23c1 /tmp/ccl2UJYN.ltrans3.ltrans.o
 .debug_info    0x000000000000d5a5     0x353b /tmp/ccl2UJYN.ltrans4.ltrans.o
 .debug_info    0x0000000000010ae0     0x24de /tmp/ccl2UJYN.ltrans5.ltrans.o
 .debug_info    0x0000000000012fbe     0x23ab /tmp/ccl2UJYN.ltrans6.ltrans.o
 .debug_info    0x0000000000015369       0xc8 /usr/lib/gcc/arm-none-eabi/4.9.3/../../../arm-none-eabi/lib/armv7e-m/fpu/libm.a(lib_a-sf_fpclassify.o)
 .debug_info    0x0000000000015431       0xc2 /usr/lib/gcc/arm-none-eabi/4.9.3/armv7e-m/fpu/libgcc.a(_arm_addsubdf3.o)
 .debug_info    0x00000000000154f3       0xc2 /usr/lib/gcc/arm-none-eabi/4.9.3/armv7e-m/fpu/libgcc.a(_arm_muldivdf3.o)
 .debug_info    0x00000000000155b5       0xc2 /usr/lib/gcc/arm-none-eabi/4.9.3/armv7e-m/fpu/libgcc.a(_arm_fixdfsi.o)
 .debug_info    0x0000000000015677       0xc2 /usr/lib/gcc/arm-none-eabi/4.9.3/armv7e-m/fpu/libgcc.a(_arm_truncdfsf2.o)
 .debug_info    0x0000000000015739      0x117 /usr/lib/gcc/arm-none-eabi/4.9.3/../../../arm-none-eabi/lib/armv7e-m/fpu/libg.a(lib_a-memset.o)
 .debug_info    0x0000000000015850       0xd4 /usr/lib/gcc/arm-none-eabi/4.9.3/../../../arm-none-eabi/lib/armv7e-m/fpu/libg.a(lib_a-strcmp.o)
 .debug_info    0x0000000000015924       0xc8 /usr/lib/gcc/arm-none-eabi/4.9.3/../../../arm-none-eabi/lib/armv7e-m/fpu/libg.a(lib_a-strpbrk.o)
 .debug_info    0x00000000000159ec       0xda /usr/lib/gcc/arm-none-eabi/4.9.3/../../../arm-none-eabi/lib/armv7e-m/fpu/libg.a(lib_a-strspn.o)

.debug_abbrev   0x0000000000000000     0x2974
 .debug_abbrev  0x0000000000000000      0x4a7 /tmp/ccl2UJYN.ltrans0.ltrans.o
 .debug_abbrev  0x00000000000004a7      0x6ca /tmp/ccl2UJYN.ltrans1.ltrans.o
 .debug_abbrev  0x0000000000000b71      0x637 /tmp/ccl2UJYN.ltrans2.ltrans.o
 .debug_abbrev  0x00000000000011a8      0x516 /tmp/ccl2UJYN.ltrans3.ltrans.o
 .debug_abbrev  0x00000000000016be      0x585 /tmp/ccl2UJYN.ltrans4.ltrans.o
 .debug_abbrev  0x0000000000001c43      0x585 /tmp/ccl2UJYN.ltrans5.ltrans.o
 .debug_abbrev  0x00000000000021c8      0x52b /tmp/ccl2UJYN.ltrans6.ltrans.o
 .debug_abbrev  0x00000000000026f3       0x6f /usr/lib/gcc/arm-none-eabi/4.9.3/../../../arm-none-eabi/lib/armv7e-m/fpu/libm.a(lib_a-sf_fpclassify.o)
 .debug_abbrev  0x0000000000002762       0x14 /usr/lib/gcc/arm-none-eabi/4.9.3/armv7e-m/fpu/libgcc.a(_arm_addsubdf3.o)
 .debug_abbrev  0x0000000000002776       0x14 /usr/lib/gcc/arm-none-eabi/4.9.3/armv7e-m/fpu/libgcc.a(_arm_muldivdf3.o)
 .debug_abbrev  0x000000000000278a       0x14 /usr/lib/gcc/arm-none-eabi/4.9.3/armv7e-m/fpu/libgcc.a(_arm_fixdfsi.o)
 .debug_abbrev  0x000000000000279e       0x14 /usr/lib/gcc/arm-none-eabi/4.9.3/armv7e-m/fpu/libgcc.a(_arm_truncdfsf2.o)
 .debug_abbrev  0x00000000000027b2       0x9f /usr/lib/gcc/arm-none-eabi/4.9.3/../../../arm-none-eabi/lib/armv7e-m/fpu/libg.a(lib_a-memset.o)
 .debug_abbrev  0x0000000000002851       0x14 /usr/lib/gcc/arm-none-eabi/4.9.3/../../../arm-none-eabi/lib/armv7e-m/fpu/libg.a(lib_a-strcmp.o)
 .debug_abbrev  0x0000000000002865       0x81 /usr/lib/gcc/arm-none-eabi/4.9.3/../../../arm-none-eabi/lib/armv7e-m/fpu/libg.a(lib_a-strpbrk.o)
 .debug_abbrev  0x00000000000028e6       0x8e /usr/lib/gcc/arm-none-eabi/4.9.3/../../../arm-none-eabi/lib/armv7e-m/fpu/libg.a(lib_a-strspn.o)

.debug_loc      0x0000000000000000     0x6d6c
 .debug_loc     0x0000000000000000      0x6b4 /tmp/ccl2UJYN.ltrans0.ltrans.o
 .debug_loc     0x00000000000006b4     0x117f /tmp/ccl2UJYN.ltrans1.ltrans.o
 .debug_loc     0x0000000000001833     0x1312 /tmp/ccl2UJYN.ltrans2.ltrans.o
 .debug_loc     0x0000000000002b45     0x1409 /tmp/ccl2UJYN.ltrans3.ltrans.o
 .debug_loc     0x0000000000003f4e      0xde2 /tmp/ccl2UJYN.ltrans4.ltrans.o
 .debug_loc     0x0000000000004d30      0xd8d /tmp/ccl2UJYN.ltrans5.ltrans.o
 .debug_loc     0x0000000000005abd      0xf94 /tmp/ccl2UJYN.ltrans6.ltrans.o
 .debug_loc     0x0000000000006a51      0x1ae /usr/lib/gcc/arm-none-eabi/4.9.3/../../../arm-none-eabi/lib/armv7e-m/fpu/libg.a(lib_a-memset.o)
 .debug_loc     0x0000000000006bff       0xb7 /usr/lib/gcc/arm-none-eabi/4.9.3/../../../arm-none-eabi/lib/armv7e-m/fpu/libg.a(lib_a-strpbrk.o)
 .debug_loc     0x0000000000006cb6       0xb6 /usr/lib/gcc/arm-none-eabi/4.9.3/../../../arm-none-eabi/lib/armv7e-m/fpu/libg.a(lib_a-strspn.o)

.debug_aranges  0x0000000000000000      0x5b0
 .debug_aranges
                0x0000000000000000       0x20 /tmp/ccl2UJYN.ltrans0.ltrans.o
 .debug_aranges
                0x0000000000000020       0xf8 /tmp/ccl2UJYN.ltrans1.ltrans.o
 .debug_aranges
                0x0000000000000118      0x140 /tmp/ccl2UJYN.ltrans2.ltrans.o
 .debug_aranges
                0x0000000000000258       0x28 /tmp/ccl2UJYN.ltrans3.ltrans.o
 .debug_aranges
                0x0000000000000280       0x78 /tmp/ccl2UJYN.ltrans4.ltrans.o
 .debug_aranges
                0x00000000000002f8      0x140 /tmp/ccl2UJYN.ltrans5.ltrans.o
 .debug_aranges
                0x0000000000000438       0x58 /tmp/ccl2UJYN.ltrans6.ltrans.o
 .debug_aranges
                0x0000000000000490       0x20 /usr/lib/gcc/arm-none-eabi/4.9.3/../../../arm-none-eabi/lib/armv7e-m/fpu/libm.a(lib_a-sf_fpclassify.o)
 .debug_aranges
                0x00000000000004b0       0x20 /usr/lib/gcc/arm-none-eabi/4.9.3/armv7e-m/fpu/libgcc.a(_arm_addsubdf3.o)
 .debug_aranges
                0x00000000000004d0       0x20 /usr/lib/gcc/arm-none-eabi/4.9.3/armv7e-m/fpu/libgcc.a(_arm_muldivdf3.o)
 .debug_aranges
                0x00000000000004f0       0x20 /usr/lib/gcc/arm-none-eabi/4.9.3/armv7e-m/fpu/libgcc.a(_arm_fixdfsi.o)
 .debug_aranges
                0x0000000000000510       0x20 /usr/lib/gcc/arm-none-eabi/4.9.3/armv7e-m/fpu/libgcc.a(_arm_truncdfsf2.o)
 .debug_aranges
                0x0000000000000530       0x20 /usr/lib/gcc/arm-none-eabi/4.9.3/../../../arm-none-eabi/lib/armv7e-m/fpu/libg.a(lib_a-memset.o)
 .debug_aranges
                0x0000000000000550       0x20 /usr/lib/gcc/arm-none-eabi/4.9.3/../../../arm-none-eabi/lib/armv7e-m/fpu/libg.a(lib_a-strcmp.o)
 .debug_aranges
                0x0000000000000570       0x20 /usr/lib/gcc/arm-none-eabi/4.9.3/../../../arm-none-eabi/lib/armv7e-m/fpu/libg.a(lib_a-strpbrk.o)
 .debug_aranges
                0x0000000000000590       0x20 /usr/lib/gcc/arm-none-eabi/4.9.3/../../../arm-none-eabi/lib/armv7e-m/fpu/libg.a(lib_a-strspn.o)

.debug_ranges   0x0000000000000000     0x2388
 .debug_ranges  0x0000000000000000      0xb50 /tmp/ccl2UJYN.ltrans0.ltrans.o
 .debug_ranges  0x0000000000000b50      0x360 /tmp/ccl2UJYN.ltrans1.ltrans.o
 .debug_ranges  0x0000000000000eb0      0x408 /tmp/ccl2UJYN.ltrans2.ltrans.o
 .debug_ranges  0x00000000000012b8      0x418 /tmp/ccl2UJYN.ltrans3.ltrans.o
 .debug_ranges  0x00000000000016d0      0x2c0 /tmp/ccl2UJYN.ltrans4.ltrans.o
 .debug_ranges  0x0000000000001990      0x538 /tmp/ccl2UJYN.ltrans5.ltrans.o
 .debug_ranges  0x0000000000001ec8      0x480 /tmp/ccl2UJYN.ltrans6.ltrans.o
 .debug_ranges  0x0000000000002348       0x10 /usr/lib/gcc/arm-none-eabi/4.9.3/../../../arm-none-eabi/lib/armv7e-m/fpu/libm.a(lib_a-sf_fpclassify.o)
 .debug_ranges  0x0000000000002358       0x10 /usr/lib/gcc/arm-none-eabi/4.9.3/../../../arm-none-eabi/lib/armv7e-m/fpu/libg.a(lib_a-memset.o)
 .debug_ranges  0x0000000000002368       0x10 /usr/lib/gcc/arm-none-eabi/4.9.3/../../../arm-none-eabi/lib/armv7e-m/fpu/libg.a(lib_a-strpbrk.o)
 .debug_ranges  0x0000000000002378       0x10 /usr/lib/gcc/arm-none-eabi/4.9.3/../../../arm-none-eabi/lib/armv7e-m/fpu/libg.a(lib_a-strspn.o)

.debug_line     0x0000000000000000     0x54a9
 .debug_line    0x0000000000000000      0xcf1 /tmp/ccl2UJYN.ltrans0.ltrans.o
 .debug_line    0x0000000000000cf1      0xc1b /tmp/ccl2UJYN.ltrans1.ltrans.o
 .debug_line    0x000000000000190c      0xc2f /tmp/ccl2UJYN.ltrans2.ltrans.o
 .debug_line    0x000000000000253b      0x8b8 /tmp/ccl2UJYN.ltrans3.ltrans.o
 .debug_line    0x0000000000002df3      0xa64 /tmp/ccl2UJYN.ltrans4.ltrans.o
 .debug_line    0x0000000000003857      0xb2f /tmp/ccl2UJYN.ltrans5.ltrans.o
 .debug_line    0x0000000000004386      0x7be /tmp/ccl2UJYN.ltrans6.ltrans.o
 .debug_line    0x0000000000004b44      0x129 /usr/lib/gcc/arm-none-eabi/4.9.3/../../../arm-none-eabi/lib/armv7e-m/fpu/libm.a(lib_a-sf_fpclassify.o)
 .debug_line    0x0000000000004c6d      0x179 /usr/lib/gcc/arm-none-eabi/4.9.3/armv7e-m/fpu/libgcc.a(_arm_addsubdf3.o)
 .debug_line    0x0000000000004de6      0x19d /usr/lib/gcc/arm-none-eabi/4.9.3/armv7e-m/fpu/libgcc.a(_arm_muldivdf3.o)
 .debug_line    0x0000000000004f83       0x7a /usr/lib/gcc/arm-none-eabi/4.9.3/armv7e-m/fpu/libgcc.a(_arm_fixdfsi.o)
 .debug_line    0x0000000000004ffd       0x8e /usr/lib/gcc/arm-none-eabi/4.9.3/armv7e-m/fpu/libgcc.a(_arm_truncdfsf2.o)
 .debug_line    0x000000000000508b      0x11c /usr/lib/gcc/arm-none-eabi/4.9.3/../../../arm-none-eabi/lib/armv7e-m/fpu/libg.a(lib_a-memset.o)
 .debug_line    0x00000000000051a7      0x134 /usr/lib/gcc/arm-none-eabi/4.9.3/../../../arm-none-eabi/lib/armv7e-m/fpu/libg.a(lib_a-strcmp.o)
 .debug_line    0x00000000000052db       0xd1 /usr/lib/gcc/arm-none-eabi/4.9.3/../../../arm-none-eabi/lib/armv7e-m/fpu/libg.a(lib_a-strpbrk.o)
 .debug_line    0x00000000000053ac       0xfd /usr/lib/gcc/arm-none-eabi/4.9.3/../../../arm-none-eabi/lib/armv7e-m/fpu/libg.a(lib_a-strspn.o)

.debug_str      0x0000000000000000     0x3897
 .debug_str     0x0000000000000000     0x1352 /tmp/ccl2UJYN.ltrans0.ltrans.o
                                       0x147d (size before relaxing)
 .debug_str     0x0000000000001352      0xbf1 /tmp/ccl2UJYN.ltrans1.ltrans.o
                                       0x17e4 (size before relaxing)
 .debug_str     0x0000000000001f43      0x488 /tmp/ccl2UJYN.ltrans2.ltrans.o
                                        0xeff (size before relaxing)
 .debug_str     0x00000000000023cb      0x4bd /tmp/ccl2UJYN.ltrans3.ltrans.o
                                        0xe64 (size before relaxing)
 .debug_str     0x0000000000002888      0x60e /tmp/ccl2UJYN.ltrans4.ltrans.o
                                       0x1496 (size before relaxing)
 .debug_str     0x0000000000002e96      0x263 /tmp/ccl2UJYN.ltrans5.ltrans.o
                                        0xb87 (size before relaxing)
 .debug_str     0x00000000000030f9      0x49d /tmp/ccl2UJYN.ltrans6.ltrans.o
                                       0x103b (size before relaxing)
 .debug_str     0x0000000000003596      0x1f6 /usr/lib/gcc/arm-none-eabi/4.9.3/../../../arm-none-eabi/lib/armv7e-m/fpu/libm.a(lib_a-sf_fpclassify.o)
                                        0x236 (size before relaxing)
 .debug_str     0x000000000000378c       0xa8 /usr/lib/gcc/arm-none-eabi/4.9.3/../../../arm-none-eabi/lib/armv7e-m/fpu/libg.a(lib_a-memset.o)
                                        0x21f (size before relaxing)
 .debug_str     0x0000000000003834       0x32 /usr/lib/gcc/arm-none-eabi/4.9.3/../../../arm-none-eabi/lib/armv7e-m/fpu/libg.a(lib_a-strpbrk.o)
                                        0x206 (size before relaxing)
 .debug_str     0x0000000000003866       0x31 /usr/lib/gcc/arm-none-eabi/4.9.3/../../../arm-none-eabi/lib/armv7e-m/fpu/libg.a(lib_a-strspn.o)
                                        0x20b (size before relaxing)

.debug_frame    0x0000000000000000      0xf30
 .debug_frame   0x0000000000000000       0x2c /tmp/ccl2UJYN.ltrans0.ltrans.o
 .debug_frame   0x000000000000002c      0x354 /tmp/ccl2UJYN.ltrans1.ltrans.o
 .debug_frame   0x0000000000000380      0x424 /tmp/ccl2UJYN.ltrans2.ltrans.o
 .debug_frame   0x00000000000007a4       0x88 /tmp/ccl2UJYN.ltrans3.ltrans.o
 .debug_frame   0x000000000000082c      0x19c /tmp/ccl2UJYN.ltrans4.ltrans.o
 .debug_frame   0x00000000000009c8      0x368 /tmp/ccl2UJYN.ltrans5.ltrans.o
 .debug_frame   0x0000000000000d30      0x144 /tmp/ccl2UJYN.ltrans6.ltrans.o
 .debug_frame   0x0000000000000e74       0x20 /usr/lib/gcc/arm-none-eabi/4.9.3/../../../arm-none-eabi/lib/armv7e-m/fpu/libm.a(lib_a-sf_fpclassify.o)
 .debug_frame   0x0000000000000e94       0x34 /usr/lib/gcc/arm-none-eabi/4.9.3/../../../arm-none-eabi/lib/armv7e-m/fpu/libg.a(lib_a-memset.o)
 .debug_frame   0x0000000000000ec8       0x34 /usr/lib/gcc/arm-none-eabi/4.9.3/../../../arm-none-eabi/lib/armv7e-m/fpu/libg.a(lib_a-strpbrk.o)
 .debug_frame   0x0000000000000efc       0x34 /usr/lib/gcc/arm-none-eabi/4.9.3/../../../arm-none-eabi/lib/armv7e-m/fpu/libg.a(lib_a-strspn.o)

Cross Reference Table

Symbol                                            File
Attitude_thread.lto_priv.66                       /tmp/ccl2UJYN.ltrans3.ltrans.o
                                                  /tmp/ccl2UJYN.ltrans0.ltrans.o
BusFault_Handler                                  /tmp/ccl2UJYN.ltrans5.ltrans.o
                                                  build/obj/vectors.o (symbol from plugin)
                                                  /tmp/ccl2UJYN.ltrans1.ltrans.o
DebugMon_Handler                                  /tmp/ccl2UJYN.ltrans5.ltrans.o
                                                  build/obj/vectors.o (symbol from plugin)
                                                  /tmp/ccl2UJYN.ltrans1.ltrans.o
HardFault_Handler                                 /tmp/ccl2UJYN.ltrans5.ltrans.o
                                                  build/obj/vectors.o (symbol from plugin)
                                                  /tmp/ccl2UJYN.ltrans1.ltrans.o
I2CD1                                             /tmp/ccl2UJYN.ltrans0.ltrans.o
                                                  build/obj/i2c_lld.o (symbol from plugin)
                                                  /tmp/ccl2UJYN.ltrans3.ltrans.o
                                                  /tmp/ccl2UJYN.ltrans1.ltrans.o
                                                  build/obj/main.o (symbol from plugin)
MemManage_Handler                                 /tmp/ccl2UJYN.ltrans5.ltrans.o
                                                  build/obj/vectors.o (symbol from plugin)
                                                  /tmp/ccl2UJYN.ltrans1.ltrans.o
NMI_Handler                                       /tmp/ccl2UJYN.ltrans5.ltrans.o
                                                  build/obj/vectors.o (symbol from plugin)
                                                  /tmp/ccl2UJYN.ltrans1.ltrans.o
PendSV_Handler                                    /tmp/ccl2UJYN.ltrans5.ltrans.o
                                                  build/obj/vectors.o (symbol from plugin)
                                                  /tmp/ccl2UJYN.ltrans1.ltrans.o
Reset_Handler                                     build/obj/crt0_v7m.o
                                                  /tmp/ccl2UJYN.ltrans1.ltrans.o
                                                  build/obj/vectors.o (symbol from plugin)
SD3                                               /tmp/ccl2UJYN.ltrans0.ltrans.o
                                                  build/obj/serial_lld.o (symbol from plugin)
                                                  /tmp/ccl2UJYN.ltrans1.ltrans.o
SD4                                               /tmp/ccl2UJYN.ltrans6.ltrans.o
                                                  build/obj/serial_lld.o (symbol from plugin)
                                                  /tmp/ccl2UJYN.ltrans3.ltrans.o
                                                  /tmp/ccl2UJYN.ltrans1.ltrans.o
                                                  /tmp/ccl2UJYN.ltrans0.ltrans.o
                                                  build/obj/calibrate_imu.o (symbol from plugin)
                                                  build/obj/shellcfg.o (symbol from plugin)
                                                  build/obj/main.o (symbol from plugin)
SPID2                                             /tmp/ccl2UJYN.ltrans4.ltrans.o
                                                  build/obj/spi_lld.o (symbol from plugin)
                                                  /tmp/ccl2UJYN.ltrans0.ltrans.o
                                                  build/obj/tft_display.o (symbol from plugin)
SVC_Handler                                       /tmp/ccl2UJYN.ltrans2.ltrans.o
                                                  build/obj/chcore_v7m.o (symbol from plugin)
                                                  build/obj/vectors.o (symbol from plugin)
                                                  /tmp/ccl2UJYN.ltrans1.ltrans.o
SysTick_Handler                                   /tmp/ccl2UJYN.ltrans5.ltrans.o
                                                  build/obj/vectors.o (symbol from plugin)
                                                  /tmp/ccl2UJYN.ltrans1.ltrans.o
SystemCoreClock                                   build/obj/hal_lld.o (symbol from plugin)
TFT_thread.lto_priv.77                            /tmp/ccl2UJYN.ltrans4.ltrans.o
                                                  /tmp/ccl2UJYN.ltrans0.ltrans.o
UARTD2                                            /tmp/ccl2UJYN.ltrans0.ltrans.o
                                                  build/obj/uart_lld.o (symbol from plugin)
                                                  /tmp/ccl2UJYN.ltrans1.ltrans.o
UARTD6                                            /tmp/ccl2UJYN.ltrans4.ltrans.o
                                                  build/obj/uart_lld.o (symbol from plugin)
                                                  /tmp/ccl2UJYN.ltrans1.ltrans.o
                                                  /tmp/ccl2UJYN.ltrans0.ltrans.o
                                                  build/obj/uart_host.o (symbol from plugin)
UsageFault_Handler                                /tmp/ccl2UJYN.ltrans5.ltrans.o
                                                  build/obj/vectors.o (symbol from plugin)
                                                  /tmp/ccl2UJYN.ltrans1.ltrans.o
Vector100                                         /tmp/ccl2UJYN.ltrans5.ltrans.o
                                                  build/obj/vectors.o (symbol from plugin)
                                                  /tmp/ccl2UJYN.ltrans1.ltrans.o
Vector104                                         /tmp/ccl2UJYN.ltrans5.ltrans.o
                                                  build/obj/vectors.o (symbol from plugin)
                                                  /tmp/ccl2UJYN.ltrans1.ltrans.o
Vector108                                         /tmp/ccl2UJYN.ltrans2.ltrans.o
                                                  build/obj/st_lld.o (symbol from plugin)
                                                  build/obj/vectors.o (symbol from plugin)
                                                  /tmp/ccl2UJYN.ltrans1.ltrans.o
Vector10C                                         /tmp/ccl2UJYN.ltrans5.ltrans.o
                                                  build/obj/vectors.o (symbol from plugin)
                                                  /tmp/ccl2UJYN.ltrans1.ltrans.o
Vector110                                         build/obj/serial_lld.o (symbol from plugin)
                                                  build/obj/vectors.o (symbol from plugin)
Vector114                                         /tmp/ccl2UJYN.ltrans5.ltrans.o
                                                  build/obj/vectors.o (symbol from plugin)
                                                  /tmp/ccl2UJYN.ltrans1.ltrans.o
Vector118                                         /tmp/ccl2UJYN.ltrans5.ltrans.o
                                                  build/obj/vectors.o (symbol from plugin)
                                                  /tmp/ccl2UJYN.ltrans1.ltrans.o
Vector11C                                         /tmp/ccl2UJYN.ltrans5.ltrans.o
                                                  build/obj/vectors.o (symbol from plugin)
                                                  /tmp/ccl2UJYN.ltrans1.ltrans.o
Vector120                                         /tmp/ccl2UJYN.ltrans2.ltrans.o
                                                  build/obj/stm32_dma.o (symbol from plugin)
                                                  build/obj/vectors.o (symbol from plugin)
                                                  /tmp/ccl2UJYN.ltrans1.ltrans.o
Vector124                                         /tmp/ccl2UJYN.ltrans2.ltrans.o
                                                  build/obj/stm32_dma.o (symbol from plugin)
                                                  build/obj/vectors.o (symbol from plugin)
                                                  /tmp/ccl2UJYN.ltrans1.ltrans.o
Vector128                                         /tmp/ccl2UJYN.ltrans2.ltrans.o
                                                  build/obj/stm32_dma.o (symbol from plugin)
                                                  build/obj/vectors.o (symbol from plugin)
                                                  /tmp/ccl2UJYN.ltrans1.ltrans.o
Vector12C                                         /tmp/ccl2UJYN.ltrans2.ltrans.o
                                                  build/obj/stm32_dma.o (symbol from plugin)
                                                  build/obj/vectors.o (symbol from plugin)
                                                  /tmp/ccl2UJYN.ltrans1.ltrans.o
Vector130                                         /tmp/ccl2UJYN.ltrans2.ltrans.o
                                                  build/obj/stm32_dma.o (symbol from plugin)
                                                  build/obj/vectors.o (symbol from plugin)
                                                  /tmp/ccl2UJYN.ltrans1.ltrans.o
Vector134                                         /tmp/ccl2UJYN.ltrans5.ltrans.o
                                                  build/obj/vectors.o (symbol from plugin)
                                                  /tmp/ccl2UJYN.ltrans1.ltrans.o
Vector138                                         /tmp/ccl2UJYN.ltrans5.ltrans.o
                                                  build/obj/vectors.o (symbol from plugin)
                                                  /tmp/ccl2UJYN.ltrans1.ltrans.o
Vector13C                                         /tmp/ccl2UJYN.ltrans5.ltrans.o
                                                  build/obj/vectors.o (symbol from plugin)
                                                  /tmp/ccl2UJYN.ltrans1.ltrans.o
Vector140                                         /tmp/ccl2UJYN.ltrans5.ltrans.o
                                                  build/obj/vectors.o (symbol from plugin)
                                                  /tmp/ccl2UJYN.ltrans1.ltrans.o
Vector144                                         /tmp/ccl2UJYN.ltrans5.ltrans.o
                                                  build/obj/vectors.o (symbol from plugin)
                                                  /tmp/ccl2UJYN.ltrans1.ltrans.o
Vector148                                         /tmp/ccl2UJYN.ltrans5.ltrans.o
                                                  build/obj/vectors.o (symbol from plugin)
                                                  /tmp/ccl2UJYN.ltrans1.ltrans.o
Vector14C                                         /tmp/ccl2UJYN.ltrans5.ltrans.o
                                                  build/obj/vectors.o (symbol from plugin)
                                                  /tmp/ccl2UJYN.ltrans1.ltrans.o
Vector150                                         /tmp/ccl2UJYN.ltrans2.ltrans.o
                                                  build/obj/stm32_dma.o (symbol from plugin)
                                                  build/obj/vectors.o (symbol from plugin)
                                                  /tmp/ccl2UJYN.ltrans1.ltrans.o
Vector154                                         /tmp/ccl2UJYN.ltrans2.ltrans.o
                                                  build/obj/stm32_dma.o (symbol from plugin)
                                                  build/obj/vectors.o (symbol from plugin)
                                                  /tmp/ccl2UJYN.ltrans1.ltrans.o
Vector158                                         /tmp/ccl2UJYN.ltrans2.ltrans.o
                                                  build/obj/stm32_dma.o (symbol from plugin)
                                                  build/obj/vectors.o (symbol from plugin)
                                                  /tmp/ccl2UJYN.ltrans1.ltrans.o
Vector15C                                         build/obj/uart_lld.o (symbol from plugin)
                                                  build/obj/vectors.o (symbol from plugin)
Vector160                                         /tmp/ccl2UJYN.ltrans5.ltrans.o
                                                  build/obj/vectors.o (symbol from plugin)
                                                  /tmp/ccl2UJYN.ltrans1.ltrans.o
Vector164                                         /tmp/ccl2UJYN.ltrans5.ltrans.o
                                                  build/obj/vectors.o (symbol from plugin)
                                                  /tmp/ccl2UJYN.ltrans1.ltrans.o
Vector168                                         /tmp/ccl2UJYN.ltrans5.ltrans.o
                                                  build/obj/vectors.o (symbol from plugin)
                                                  /tmp/ccl2UJYN.ltrans1.ltrans.o
Vector16C                                         /tmp/ccl2UJYN.ltrans5.ltrans.o
                                                  build/obj/vectors.o (symbol from plugin)
                                                  /tmp/ccl2UJYN.ltrans1.ltrans.o